2D01      27.8329   85.5727    0.0000    0.0000       0       0       2       1    0.0000    0.0273   1
2D03      27.8398   85.5273    0.0000    0.0000       0       0      69     141    0.0000    0.0224   1
2D04      27.8748   85.5159    0.0000    0.0000       0       0     139      19    0.0000    0.0191   1
2D05      27.9006   85.5403    0.0000    0.0000       0       0     150     138    0.0000    0.0202   1
2D06      27.9566   85.5460    0.0000    0.0000       0       0     445      38    0.0000    0.0166   1
2D07      27.9318   85.5433    0.0000    0.0000       0       0     362     112    0.0000    0.0199   1
2D08      27.9502   85.5083    0.0000    0.0000       0       0     133      27    0.0000    0.0234   1
2D09      27.9689   85.5545    0.0000    0.0000       0       0     542      22    0.0000    0.0172   1
2D10      27.7973   85.5473    0.0000    0.0000       0       0      20       6    0.0000    0.0182   1
2D12      27.8064   85.5146    0.0000    0.0000       0       0      83      35    0.0000    0.0196   1
2D13      27.8165   85.4567    0.0000    0.0000       0       0      13       0    0.0000    0.0140   1
2D14      27.9048   85.4792    0.0000    0.0000       0       0      36      20    0.0000    0.0163   1
2D15      27.8245   85.4877    0.0000    0.0000       0       0     169      71    0.0000    0.0191   1
2D16      27.8563   85.5921    0.0000    0.0000       0       0      13      19    0.0000    0.0178   1
2D17      27.8246   85.6079    0.0000    0.0000       0       0      16      29    0.0000    0.0227   1
2D18      27.8964   85.6211    0.0000    0.0000       0       0      23       3    0.0000    0.0263   1
2D19      27.9429   85.6582    0.0000    0.0000       0       0      22       4    0.0000    0.0225   1
2D20      27.8766   85.6725    0.0000    0.0000       0       0     105       1    0.0000    0.0186   1
2D21      27.7878   85.6179    0.0000    0.0000       0       0      28       6    0.0000    0.0158   1
2D22      27.9864   85.6619    0.0000    0.0000       0       0      16       0    0.0000    0.0244   1
A000      27.8406   85.5720    0.0000    0.0000       0       0      32      22    0.0000    0.0187   1
A004      27.8435   85.5727    0.0000    0.0000       0       0     183     151    0.0000    0.0200   1
A009      27.8480   85.5704    0.0000    0.0000       0       0      24      56    0.0000    0.0227   1
A014      27.8524   85.5673    0.0000    0.0000       0       0      49      83    0.0000    0.0202   1
A019      27.8569   85.5665    0.0000    0.0000       0       0       2       1    0.0000    0.0337   1
A024      27.8615   85.5671    0.0000    0.0000       0       0       1      34    0.0000    0.0218   1
A029      27.8660   85.5681    0.0000    0.0000       0       0       1       6    0.0000    0.0229   1
A034      27.8704   85.5697    0.0000    0.0000       0       0       0       6    0.0000    0.0274   1
A039      27.8752   85.5701    0.0000    0.0000       0       0     212      64    0.0000    0.0181   1
A044      27.8796   85.5693    0.0000    0.0000       0       0      65      69    0.0000    0.0214   1
A049      27.8843   85.5676    0.0000    0.0000       0       0     101      56    0.0000    0.0193   1
A054      27.8885   85.5716    0.0000    0.0000       0       0     121      28    0.0000    0.0205   1
A059      27.8930   85.5756    0.0000    0.0000       0       0      34      28    0.0000    0.0204   1
A064      27.8976   85.5787    0.0000    0.0000       0       0     390     259    0.0000    0.0208   1
A069      27.9019   85.5808    0.0000    0.0000       0       0     182     496    0.0000    0.0187   1
A074      27.9065   85.5839    0.0000    0.0000       0       0     100      72    0.0000    0.0183   1
A079      27.9111   85.5848    0.0000    0.0000       0       0     446     150    0.0000    0.0150   1
A084      27.9158   85.5881    0.0000    0.0000       0       0     472     368    0.0000    0.0174   1
A089      27.9202   85.5925    0.0000    0.0000       0       0     135      64    0.0000    0.0197   1
A094      27.9248   85.5966    0.0000    0.0000       0       0     491     269    0.0000    0.0184   1
A100      27.9300   85.5988    0.0000    0.0000       0       0     421     276    0.0000    0.0204   1
A104      27.9338   85.5989    0.0000    0.0000       0       0       6       0    0.0000    0.0087   1
A109      27.9383   85.5982    0.0000    0.0000       0       0     481     124    0.0000    0.0187   1
A113      27.9419   85.5963    0.0000    0.0000       0       0     186      88    0.0000    0.0207   1
A114      27.9426   85.5956    0.0000    0.0000       0       0     171      73    0.0000    0.0189   1
A132      27.9592   85.5903    0.0000    0.0000       0       0     384      55    0.0000    0.0195   1
A134      27.9609   85.5888    0.0000    0.0000       0       0     502      50    0.0000    0.0168   1
A139      27.9654   85.5878    0.0000    0.0000       0       0     427      60    0.0000    0.0166   1
A144      27.9699   85.5865    0.0000    0.0000       0       0     325      44    0.0000    0.0128   1
A149      27.9745   85.5833    0.0000    0.0000       0       0     166      37    0.0000    0.0178   1
A154      27.9789   85.5824    0.0000    0.0000       0       0     516      44    0.0000    0.0158   1
A159      27.9834   85.5812    0.0000    0.0000       0       0     562      36    0.0000    0.0136   1
A164      27.9880   85.5784    0.0000    0.0000       0       0     405      43    0.0000    0.0171   1
A169      27.9924   85.5725    0.0000    0.0000       0       0     492      33    0.0000    0.0150   1
A174      27.9969   85.5678    0.0000    0.0000       0       0      71       6    0.0000    0.0253   1
A179      28.0015   85.5671    0.0000    0.0000       0       0      14       3    0.0000    0.0187   1
A181      28.0033   85.5666    0.0000    0.0000       0       0     117       4    0.0000    0.0166   1
AX4       27.9920   85.5679    0.0000    0.0000       0       0      60      10    0.0000    0.0232   1
AX6       27.9408   85.5980    0.0000    0.0000       0       0     566     148    0.0000    0.0179   1
B03       27.8659   85.5657    0.0000    0.0000       0       0       1       7    0.0000    0.0186   1
B09       27.8673   85.5626    0.0000    0.0000       0       0      72     134    0.0000    0.0237   1
B13       27.8686   85.5606    0.0000    0.0000       0       0      45      97    0.0000    0.0220   1
B19       27.8659   85.5576    0.0000    0.0000       0       0       2      22    0.0000    0.0207   1
B23       27.8658   85.5558    0.0000    0.0000       0       0      43     200    0.0000    0.0209   1
B28       27.8668   85.5531    0.0000    0.0000       0       0       2       5    0.0000    0.0131   1
B35       27.8689   85.5501    0.0000    0.0000       0       0      52     339    0.0000    0.0205   1
B39       27.8681   85.5471    0.0000    0.0000       0       0      14      31    0.0000    0.0268   1
B48       27.8684   85.5425    0.0000    0.0000       0       0       3       9    0.0000    0.0263   1
B50       27.8682   85.5418    0.0000    0.0000       0       0      13      26    0.0000    0.0237   1
C05       27.9980   85.5645    0.0000    0.0000       0       0      41       2    0.0000    0.0220   1
C10       27.9973   85.5620    0.0000    0.0000       0       0      17      19    0.0000    0.0191   1
C15       27.9975   85.5594    0.0000    0.0000       0       0      83      22    0.0000    0.0216   1
C21       27.9978   85.5565    0.0000    0.0000       0       0      21      16    0.0000    0.0191   1
C25       27.9985   85.5544    0.0000    0.0000       0       0      26       9    0.0000    0.0227   1
C90       27.9973   85.5519    0.0000    0.0000       0       0       5       0    0.0000    0.0229   1
C56       28.0023   85.5472    0.0000    0.0000       0       0     334      50    0.0000    0.0183   1
C62       28.0020   85.5442    0.0000    0.0000       0       0      29      15    0.0000    0.0210   1
C69       28.0021   85.5417    0.0000    0.0000       0       0      18       6    0.0000    0.0177   1
C72       28.0045   85.5392    0.0000    0.0000       0       0      20       1    0.0000    0.0258   1
C77       28.0082   85.5373    0.0000    0.0000       0       0       1       0    0.0000    0.0122   1
