(a6,f7.4,a1,1x,f8.4,a1,1x,i4,1x,i1,1x,i3,1x,f5.2,2x,f5.2)
2D01  85.5727N  27.8329E  823 1   1  0.00   0.00
2D03  85.5273N  27.8398E 1698 1   2  0.00   0.00
2D04  85.5159N  27.8748E 1806 1   3  0.00   0.00
2D05  85.5403N  27.9006E 1110 1   4  0.00   0.00
2D06  85.5460N  27.9566E 1397 1   5  0.00   0.00
2D07  85.5433N  27.9318E 1802 1   6  0.00   0.00
2D08  85.5083N  27.9502E 2510 1   7  0.00   0.00
2D09  85.5545N  27.9689E 2354 1   8  0.00   0.00
2D10  85.5473N  27.7973E  949 1   9  0.00   0.00
2D11  85.5610N  27.7760E  926 1  10  0.00   0.00
2D12  85.5146N  27.8064E 1084 1  11  0.00   0.00
2D13  85.4567N  27.8165E 2140 1  12  0.00   0.00
2D14  85.4792N  27.9048E 2172 1  13  0.00   0.00
2D15  85.4877N  27.8245E 1294 1  14  0.00   0.00
2D16  85.5921N  27.8563E  964 1  15  0.00   0.00
2D17  85.6079N  27.8246E 1579 1  16  0.00   0.00
2D18  85.6211N  27.8964E 1076 1  17  0.00   0.00
2D19  85.6582N  27.9429E 2090 1  18  0.00   0.00
2D20  85.6725N  27.8766E 2271 1  19  0.00   0.00
2D21  85.6178N  27.7878E 1601 1  20  0.00   0.00
2D22  85.6619N  27.9864E 2001 1  21  0.00   0.00
A000  85.5720N  27.8406E 1139 1  22  0.00   0.00
A004  85.5727N  27.8435E 1243 1  23  0.00   0.00
A009  85.5704N  27.8480E 1364 1  24  0.00   0.00
A014  85.5673N  27.8524E 1443 1  25  0.00   0.00
A019  85.5665N  27.8569E 1485 1  26  0.00   0.00
A024  85.5671N  27.8615E 1539 1  27  0.00   0.00
A029  85.5681N  27.8660E 1560 1  28  0.00   0.00
A034  85.5697N  27.8704E 1571 1  29  0.00   0.00
A039  85.5701N  27.8752E 1637 1  30  0.00   0.00
A044  85.5693N  27.8796E 1755 1  31  0.00   0.00
A049  85.5676N  27.8843E 1893 1  32  0.00   0.00
A054  85.5716N  27.8885E 1975 1  33  0.00   0.00
A059  85.5756N  27.8930E 1959 1  34  0.00   0.00
A064  85.5787N  27.8976E 2040 1  35  0.00   0.00
A069  85.5808N  27.9019E 2120 1  36  0.00   0.00
A074  85.5839N  27.9065E 2307 1  37  0.00   0.00
A079  85.5848N  27.9111E 2419 1  38  0.00   0.00
A084  85.5881N  27.9158E 2460 1  39  0.00   0.00
A089  85.5925N  27.9202E 2492 1  40  0.00   0.00
A094  85.5966N  27.9248E 2571 1  41  0.00   0.00
A100  85.5988N  27.9300E 2599 1  42  0.00   0.00
A104  85.5989N  27.9338E 2632 1  43  0.00   0.00
A109  85.5982N  27.9383E 2606 1  44  0.00   0.00
A113  85.5963N  27.9419E 2632 1  45  0.00   0.00
A114  85.5956N  27.9426E 2599 1  46  0.00   0.00
A132  85.5903N  27.9592E 2850 1  47  0.00   0.00
A134  85.5888N  27.9609E 2913 1  48  0.00   0.00
A139  85.5878N  27.9654E 2946 1  49  0.00   0.00
A144  85.5865N  27.9699E 3024 1  50  0.00   0.00
A149  85.5833N  27.9745E 3184 1  51  0.00   0.00
A154  85.5824N  27.9789E 3144 1  52  0.00   0.00
A159  85.5812N  27.9834E 3195 1  53  0.00   0.00
A164  85.5784N  27.9880E 3236 1  54  0.00   0.00
A169  85.5725N  27.9924E 3253 1  55  0.00   0.00
A174  85.5678N  27.9969E 3232 1  56  0.00   0.00
A179  85.5671N  28.0015E 3196 1  57  0.00   0.00
A181  85.5666N  28.0033E 3237 1  58  0.00   0.00
AX4   85.5679N  27.9920E 3155 1  59  0.00   0.00
AX6   85.5980N  27.9408E 2601 1  60  0.00   0.00
B03   85.5657N  27.8659E 1531 1  61  0.00   0.00
B09   85.5626N  27.8673E 1458 1  62  0.00   0.00
B13   85.5606N  27.8686E 1366 1  63  0.00   0.00
B19   85.5576N  27.8659E 1274 1  64  0.00   0.00
B23   85.5558N  27.8658E 1219 1  65  0.00   0.00
B28   85.5531N  27.8668E 1167 1  66  0.00   0.00
B35   85.5501N  27.8689E 1076 1  67  0.00   0.00
B39   85.5470N  27.8681E 1073 1  68  0.00   0.00
B48   85.5425N  27.8684E  981 1  69  0.00   0.00
B50   85.5418N  27.8682E  977 1  70  0.00   0.00
C05   85.5645N  27.9980E 3090 1  71  0.00   0.00
C10   85.5620N  27.9973E 2919 1  72  0.00   0.00
C15   85.5594N  27.9975E 2799 1  73  0.00   0.00
C21   85.5565N  27.9978E 2705 1  74  0.00   0.00
C25   85.5543N  27.9985E 2590 1  75  0.00   0.00
C90   85.5519N  27.9973E 2561 1  76  0.00   0.00
C56   85.5472N  28.0023E 2304 1  77  0.00   0.00
C62   85.5442N  28.0020E 2206 1  78  0.00   0.00
C69   85.5418N  28.0021E 2117 1  79  0.00   0.00
C72   85.5392N  28.0045E 2001 1  80  0.00   0.00
C77   85.5373N  28.0082E 1963 1  81  0.00   0.00

