2D01      85.5727   27.8329    0.0000    0.0000       0       0      22       1    0.0000    0.0577   1
2D03      85.5273   27.8398    0.0000    0.0000       0       0      41      24    0.0000    0.0572   1
2D04      85.5159   27.8748    0.0000    0.0000       0       0      29       8    0.0000    0.0663   1
2D05      85.5403   27.9006    0.0000    0.0000       0       0      14       9    0.0000    0.0539   1
2D06      85.5460   27.9566    0.0000    0.0000       0       0      23       9    0.0000    0.0573   1
2D07      85.5433   27.9318    0.0000    0.0000       0       0      23       5    0.0000    0.0582   1
2D08      85.5083   27.9502    0.0000    0.0000       0       0      21       1    0.0000    0.0778   1
2D09      85.5545   27.9689    0.0000    0.0000       0       0      62      41    0.0000    0.0569   1
2D10      85.5473   27.7973    0.0000    0.0000       0       0       9       9    0.0000    0.0793   1
2D12      85.5146   27.8064    0.0000    0.0000       0       0      17      12    0.0000    0.0763   1
2D13      85.4567   27.8165    0.0000    0.0000       0       0       2       0    0.0000    0.0965   1
2D14      85.4792   27.9048    0.0000    0.0000       0       0       3       1    0.0000    0.0671   1
2D15      85.4877   27.8245    0.0000    0.0000       0       0      18       0    0.0000    0.0538   1
2D16      85.5921   27.8563    0.0000    0.0000       0       0      24      16    0.0000    0.0596   1
2D17      85.6079   27.8246    0.0000    0.0000       0       0      16      12    0.0000    0.0680   1
2D18      85.6211   27.8964    0.0000    0.0000       0       0      37      15    0.0000    0.0667   1
2D19      85.6582   27.9429    0.0000    0.0000       0       0      16       0    0.0000    0.0800   1
2D20      85.6725   27.8766    0.0000    0.0000       0       0      17       0    0.0000    0.0625   1
2D21      85.6179   27.7878    0.0000    0.0000       0       0       8       2    0.0000    0.0890   1
2D22      85.6619   27.9864    0.0000    0.0000       0       0       8       0    0.0000    0.1019   1
A000      85.5720   27.8406    0.0000    0.0000       0       0      29      31    0.0000    0.0606   1
A004      85.5727   27.8435    0.0000    0.0000       0       0      65      38    0.0000    0.0679   1
A009      85.5704   27.8480    0.0000    0.0000       0       0      41      42    0.0000    0.0545   1
A014      85.5673   27.8524    0.0000    0.0000       0       0      33      32    0.0000    0.0347   1
A019      85.5665   27.8569    0.0000    0.0000       0       0       9       6    0.0000    0.0604   1
A024      85.5671   27.8615    0.0000    0.0000       0       0      16      20    0.0000    0.0625   1
A029      85.5681   27.8660    0.0000    0.0000       0       0       4      10    0.0000    0.0399   1
A034      85.5697   27.8704    0.0000    0.0000       0       0       9      19    0.0000    0.0471   1
A039      85.5701   27.8752    0.0000    0.0000       0       0      34      27    0.0000    0.0414   1
A044      85.5693   27.8796    0.0000    0.0000       0       0      33      33    0.0000    0.0613   1
A049      85.5676   27.8843    0.0000    0.0000       0       0      39      46    0.0000    0.0548   1
A054      85.5716   27.8885    0.0000    0.0000       0       0      38      42    0.0000    0.0537   1
A059      85.5756   27.8930    0.0000    0.0000       0       0      33      31    0.0000    0.0706   1
A064      85.5787   27.8976    0.0000    0.0000       0       0      58      64    0.0000    0.0609   1
A069      85.5808   27.9019    0.0000    0.0000       0       0      69      38    0.0000    0.0671   1
A074      85.5839   27.9065    0.0000    0.0000       0       0      57      35    0.0000    0.0621   1
A079      85.5848   27.9111    0.0000    0.0000       0       0      58      57    0.0000    0.0571   1
A084      85.5881   27.9158    0.0000    0.0000       0       0      61      72    0.0000    0.0561   1
A089      85.5925   27.9202    0.0000    0.0000       0       0      63      59    0.0000    0.0529   1
A094      85.5966   27.9248    0.0000    0.0000       0       0      85      85    0.0000    0.0557   1
A100      85.5988   27.9300    0.0000    0.0000       0       0      73      78    0.0000    0.0568   1
A104      85.5989   27.9338    0.0000    0.0000       0       0      16       5    0.0000    0.0751   1
A109      85.5982   27.9383    0.0000    0.0000       0       0      77      55    0.0000    0.0626   1
A113      85.5963   27.9419    0.0000    0.0000       0       0      63      68    0.0000    0.0534   1
A114      85.5956   27.9426    0.0000    0.0000       0       0      57      52    0.0000    0.0573   1
A132      85.5903   27.9592    0.0000    0.0000       0       0     103      83    0.0000    0.0462   1
A134      85.5888   27.9609    0.0000    0.0000       0       0      82      78    0.0000    0.0458   1
A139      85.5878   27.9654    0.0000    0.0000       0       0      70      73    0.0000    0.0531   1
A144      85.5865   27.9699    0.0000    0.0000       0       0      66      49    0.0000    0.0505   1
A149      85.5833   27.9745    0.0000    0.0000       0       0      79      55    0.0000    0.0520   1
A154      85.5824   27.9789    0.0000    0.0000       0       0      83      68    0.0000    0.0549   1
A159      85.5812   27.9834    0.0000    0.0000       0       0      98      89    0.0000    0.0575   1
A164      85.5784   27.9880    0.0000    0.0000       0       0      82      85    0.0000    0.0534   1
A169      85.5725   27.9924    0.0000    0.0000       0       0      82      71    0.0000    0.0515   1
A174      85.5678   27.9969    0.0000    0.0000       0       0      39      23    0.0000    0.0607   1
A179      85.5671   28.0015    0.0000    0.0000       0       0      28      21    0.0000    0.0587   1
A181      85.5666   28.0033    0.0000    0.0000       0       0      64      25    0.0000    0.0582   1
AX4       85.5679   27.9920    0.0000    0.0000       0       0      71      53    0.0000    0.0491   1
AX6       85.5980   27.9408    0.0000    0.0000       0       0     104      80    0.0000    0.0566   1
B03       85.5657   27.8659    0.0000    0.0000       0       0      17       7    0.0000    0.0651   1
B09       85.5626   27.8673    0.0000    0.0000       0       0      46      31    0.0000    0.0535   1
B13       85.5606   27.8686    0.0000    0.0000       0       0      36      30    0.0000    0.0653   1
B19       85.5576   27.8659    0.0000    0.0000       0       0      15      18    0.0000    0.0521   1
B23       85.5558   27.8658    0.0000    0.0000       0       0      35      29    0.0000    0.0452   1
B28       85.5531   27.8668    0.0000    0.0000       0       0      25      13    0.0000    0.0562   1
B35       85.5501   27.8689    0.0000    0.0000       0       0      39      34    0.0000    0.0630   1
B39       85.5471   27.8681    0.0000    0.0000       0       0      14      30    0.0000    0.0712   1
B48       85.5425   27.8684    0.0000    0.0000       0       0      24       9    0.0000    0.0577   1
B50       85.5418   27.8682    0.0000    0.0000       0       0      27      18    0.0000    0.0770   1
C05       85.5645   27.9980    0.0000    0.0000       0       0      39      18    0.0000    0.0565   1
C10       85.5620   27.9973    0.0000    0.0000       0       0      35      29    0.0000    0.0518   1
C15       85.5594   27.9975    0.0000    0.0000       0       0      95      48    0.0000    0.0552   1
C21       85.5565   27.9978    0.0000    0.0000       0       0      39      19    0.0000    0.0553   1
C25       85.5544   27.9985    0.0000    0.0000       0       0      48      17    0.0000    0.0556   1
C90       85.5519   27.9973    0.0000    0.0000       0       0      28       0    0.0000    0.0599   1
C56       85.5472   28.0023    0.0000    0.0000       0       0      92      63    0.0000    0.0545   1
C62       85.5442   28.0020    0.0000    0.0000       0       0      34      29    0.0000    0.0701   1
C69       85.5417   28.0021    0.0000    0.0000       0       0      36       5    0.0000    0.0719   1
C72       85.5392   28.0045    0.0000    0.0000       0       0      37      35    0.0000    0.0701   1
C77       85.5373   28.0082    0.0000    0.0000       0       0       5       0    0.0000    0.0956   1
