(a4,1x,f7.4,a1,1x,f8.4,a1,1x,i4,1x,i1,1x,i3,1x,f5.2,2x,f5.2)                    
2D01 27.8329N  85.5727E  823 1   1 -0.02   0.0       lon,z,model,icc,ptcor,stcor
2D03 27.8398N  85.5273E 1698 2   2 -0.01   0.01                                 
2D04 27.8748N  85.5159E 1806 1   3  0.03   0.03                                 
2D05 27.9006N  85.5403E 1110 2   4  0.00   0.00                                 
2D06 27.9566N  85.5460E 1397 1   5 -0.05   0.00                                 
2D07 27.9318N  85.5433E 1802 2   6 -0.04  -0.06                                 
2D08 27.9502N  85.5083E 2510 1   7 -0.03   0.02                                 
2D09 27.9689N  85.5545E 2354 2   8 -0.05  -0.03                                 
2D10 27.7973N  85.5473E  949 1   9 -0.02   0.07                                 
2D11 27.7760N  85.5610E  926 2  10  0.04   0.23                                 
2D12 27.8064N  85.5146E 1084 1  11 -0.00   0.01                                 
2D13 27.8165N  85.4567E 2140 2  12  0.03   0.13                                 
2D14 27.9048N  85.4792E 2172 1  13  0.06   0.13                                 
2D15 27.8245N  85.4877E 1294 2  14 -0.01  -0.05                                 
2D16 27.8563N  85.5921E  964 1  15  0.01  -0.04                                 
2D17 27.8246N  85.6079E 1579 2  16  0.00  -0.03                                 
2D18 27.8964N  85.6211E 1076 1  17  0.02   0.01                                 
2D19 27.9429N  85.6582E 2090 2  18 -0.01   0.02                                 
2D20 27.8766N  85.6725E 2271 1  19 -0.05  -0.11                                 
2D21 27.7878N  85.6178E 1601 2  20 -0.05  -0.06                                 
2D22 27.9864N  85.6619E 2001 1  21 -0.01   0.00                                 
A000 27.8406N  85.5720E 1139 2  22  0.03   0.05                                 
A004 27.8435N  85.5727E 1243 1  23 -0.00  -0.07                                 
A009 27.8480N  85.5704E 1364 2  24  0.02   0.01                                 
A014 27.8524N  85.5673E 1443 1  25 -0.02  -0.06                                 
A019 27.8569N  85.5665E 1485 2  26 -0.00  -0.03                                 
A024 27.8615N  85.5671E 1539 1  27  0.00  -0.07                                 
A029 27.8660N  85.5681E 1560 2  28 -0.01  -0.01                                 
A034 27.8704N  85.5697E 1571 1  29  0.00  -0.03                                 
A039 27.8752N  85.5701E 1637 2  30  0.02   0.00                                 
A044 27.8796N  85.5693E 1755 1  31  0.03   0.10                                 
A049 27.8843N  85.5676E 1893 2  32  0.06   0.08                                 
A054 27.8885N  85.5716E 1975 1  33  0.06   0.07                                 
A059 27.8930N  85.5756E 1959 2  34  0.04   0.06                                 
A064 27.8976N  85.5787E 2040 1  35  0.06   0.13                                 
A069 27.9019N  85.5808E 2120 2  36  0.04   0.09                                 
A074 27.9065N  85.5839E 2307 1  37  0.04   0.09                                 
A079 27.9111N  85.5848E 2419 2  38 -0.00   0.05                                 
A084 27.9158N  85.5881E 2460 1  39 -0.03  -0.02                                 
A089 27.9202N  85.5925E 2492 2  40 -0.01   0.05                                 
A094 27.9248N  85.5966E 2571 1  41 -0.02   0.02                                 
A100 27.9300N  85.5988E 2599 2  42 -0.01  -0.01                                 
A104 27.9338N  85.5989E 2632 1  43 -0.02  -0.05                                 
A109 27.9383N  85.5982E 2606 2  44 -0.04  -0.03                                 
A113 27.9419N  85.5963E 2632 1  45 -0.02  -0.03                                 
A114 27.9426N  85.5956E 2599 2  46 -0.05  -0.08                                 
A132 27.9592N  85.5903E 2850 1  47 -0.01   0.02                                 
A134 27.9609N  85.5888E 2913 2  48  0.01   0.05                                 
A139 27.9654N  85.5878E 2946 1  49  0.00   0.00                                 
A144 27.9699N  85.5865E 3024 2  50  0.02   0.10                                 
A149 27.9745N  85.5833E 3184 1  51 -0.00   0.07                                 
A154 27.9789N  85.5824E 3144 2  52 -0.04  -0.04                                 
A159 27.9834N  85.5812E 3195 1  53 -0.01   0.01                                 
A164 27.9880N  85.5784E 3236 2  54 -0.02   0.06                                 
A169 27.9924N  85.5725E 3253 1  55 -0.03   0.02                                 
A174 27.9969N  85.5678E 3232 2  56 -0.05   0.00                                 
A179 28.0015N  85.5671E 3196 1  57 -0.02   0.06                                 
A181 28.0033N  85.5666E 3237 2  58 -0.03   0.08                                 
AX4  27.9920N  85.5679E 3155 1  59 -0.03  -0.00                                 
AX6  27.9408N  85.5980E 2601 2  60 -0.04  -0.07                                 
B03  27.8659N  85.5657E 1531 1  61 -0.00   0.05                                 
B09  27.8673N  85.5626E 1458 2  62  0.04  -0.02                                 
B13  27.8686N  85.5606E 1366 1  63  0.02  -0.08                                 
B19  27.8659N  85.5576E 1274 2  64  0.01  -0.09                                 
B23  27.8658N  85.5558E 1219 1  65 -0.02  -0.13                                 
B28  27.8668N  85.5531E 1167 2  66  0.01  -0.06                                 
B35  27.8689N  85.5501E 1076 1  67 -0.01  -0.09                                 
B39  27.8681N  85.5470E 1073 2  68  0.04  -0.04                                 
B48  27.8684N  85.5425E  981 1  69  0.00  -0.06                                 
B50  27.8682N  85.5418E  977 2  70 -0.01  -0.10                                 
C05  27.9980N  85.5645E 3090 1  71 -0.01   0.05                                 
C10  27.9973N  85.5620E 2919 2  72 -0.05   0.01                                 
C15  27.9975N  85.5594E 2799 1  73 -0.04  -0.02                                 
C21  27.9978N  85.5565E 2705 2  74 -0.02   0.05                                 
C25  27.9985N  85.5543E 2590 1  75 -0.03   0.03                                 
C90  27.9973N  85.5519E 2561 2  76  0.01   0.02                                 
C56  28.0023N  85.5472E 2304 1  77 -0.05   0.02                                 
C62  28.0020N  85.5442E 2206 2  78 -0.03   0.01                                 
C69  28.0021N  85.5418E 2117 1  79 -0.05   0.00                                 
C72  28.0045N  85.5392E 2001 2  80 -0.05   0.00                                 
C77  28.0082N  85.5373E 1963 1  81 -0.05   0.00                                 
2D01 27.8329N  85.5727E  823 2  82  0.00   0.00                                 
2D03 27.8398N  85.5273E 1698 1  83  0.00   0.00                                 
2D04 27.8748N  85.5159E 1806 2  84  0.00   0.00                                 
2D05 27.9006N  85.5403E 1110 1  85  0.00   0.00                                 
2D06 27.9566N  85.5460E 1397 2  86  0.00   0.00                                 
2D07 27.9318N  85.5433E 1802 1  87  0.00   0.00                                 
2D08 27.9502N  85.5083E 2510 2  88  0.00   0.00                                 
2D09 27.9689N  85.5545E 2354 1  89  0.00   0.00                                 
2D10 27.7973N  85.5473E  949 2  90  0.00   0.00                                 
2D11 27.7760N  85.5610E  926 1  91  0.00   0.00                                 
2D12 27.8064N  85.5146E 1084 2  92  0.00   0.00                                 
2D13 27.8165N  85.4567E 2140 1  93  0.00   0.00                                 
2D14 27.9048N  85.4792E 2172 2  94  0.00   0.00                                 
2D15 27.8245N  85.4877E 1294 1  95  0.00   0.00                                 
2D16 27.8563N  85.5921E  964 2  96  0.00   0.00                                 
2D17 27.8246N  85.6079E 1579 1  97  0.00   0.00                                 
2D18 27.8964N  85.6211E 1076 2  98  0.00   0.00                                 
2D19 27.9429N  85.6582E 2090 1  99  0.00   0.00                                 
2D20 27.8766N  85.6725E 2271 2 100  0.00   0.00                                 
2D21 27.7878N  85.6178E 1601 1 101  0.00   0.00                                 
2D22 27.9864N  85.6619E 2001 2 102  0.00   0.00                                 
A000 27.8406N  85.5720E 1139 1 103  0.00   0.00                                 
A004 27.8435N  85.5727E 1243 2 104  0.00   0.00                                 
A009 27.8480N  85.5704E 1364 1 105  0.00   0.00                                 
A014 27.8524N  85.5673E 1443 2 106  0.00   0.00                                 
A019 27.8569N  85.5665E 1485 1 107  0.00   0.00                                 
A024 27.8615N  85.5671E 1539 2 108  0.00   0.00                                 
A029 27.8660N  85.5681E 1560 1 109  0.00   0.00                                 
A034 27.8704N  85.5697E 1571 2 110  0.00   0.00                                 
A039 27.8752N  85.5701E 1637 1 111  0.00   0.00                                 
A044 27.8796N  85.5693E 1755 2 112  0.00   0.00                                 
A049 27.8843N  85.5676E 1893 1 113  0.00   0.00                                 
A054 27.8885N  85.5716E 1975 2 114  0.00   0.00                                 
A059 27.8930N  85.5756E 1959 1 115  0.00   0.00                                 
A064 27.8976N  85.5787E 2040 2 116  0.00   0.00                                 
A069 27.9019N  85.5808E 2120 1 117  0.00   0.00                                 
A074 27.9065N  85.5839E 2307 2 118  0.00   0.00                                 
A079 27.9111N  85.5848E 2419 1 119  0.00   0.00                                 
A084 27.9158N  85.5881E 2460 2 120  0.00   0.00                                 
A089 27.9202N  85.5925E 2492 1 121  0.00   0.00                                 
A094 27.9248N  85.5966E 2571 2 122  0.00   0.00                                 
A100 27.9300N  85.5988E 2599 1 123  0.00   0.00                                 
A104 27.9338N  85.5989E 2632 2 124  0.00   0.00                                 
A109 27.9383N  85.5982E 2606 1 125  0.00   0.00                                 
A113 27.9419N  85.5963E 2632 2 126  0.00   0.00                                 
A114 27.9426N  85.5956E 2599 1 127  0.00   0.00                                 
A132 27.9592N  85.5903E 2850 2 128  0.00   0.00                                 
A134 27.9609N  85.5888E 2913 1 129  0.00   0.00                                 
A139 27.9654N  85.5878E 2946 2 130  0.00   0.00                                 
A144 27.9699N  85.5865E 3024 1 131  0.00   0.00                                 
A149 27.9745N  85.5833E 3184 2 132  0.00   0.00                                 
A154 27.9789N  85.5824E 3144 1 133  0.00   0.00                                 
A159 27.9834N  85.5812E 3195 2 134  0.00   0.00                                 
A164 27.9880N  85.5784E 3236 1 135  0.00   0.00                                 
A169 27.9924N  85.5725E 3253 2 136  0.00   0.00                                 
A174 27.9969N  85.5678E 3232 1 137  0.00   0.00                                 
A179 28.0015N  85.5671E 3196 2 138  0.00   0.00                                 
A181 28.0033N  85.5666E 3237 1 139  0.00   0.00                                 
AX4  27.9920N  85.5679E 3155 2 140  0.00   0.00                                 
AX6  27.9408N  85.5980E 2601 1 141  0.00   0.00                                 
B03  27.8659N  85.5657E 1531 2 142  0.00   0.00                                 
B09  27.8673N  85.5626E 1458 1 143  0.00   0.00                                 
B13  27.8686N  85.5606E 1366 2 144  0.00   0.00                                 
B19  27.8659N  85.5576E 1274 1 145  0.00   0.00                                 
B23  27.8658N  85.5558E 1219 2 146  0.00   0.00                                 
B28  27.8668N  85.5531E 1167 1 147  0.00   0.00                                 
B35  27.8689N  85.5501E 1076 2 148  0.00   0.00                                 
B39  27.8681N  85.5470E 1073 1 149  0.00   0.00                                 
B48  27.8684N  85.5425E  981 2 150  0.00   0.00                                 
B50  27.8682N  85.5418E  977 1 151  0.00   0.00                                 
C05  27.9980N  85.5645E 3090 2 152  0.00   0.00                                 
C10  27.9973N  85.5620E 2919 1 153  0.00   0.00                                 
C15  27.9975N  85.5594E 2799 2 154  0.00   0.00                                 
C21  27.9978N  85.5565E 2705 1 155  0.00   0.00                                 
C25  27.9985N  85.5543E 2590 2 156  0.00   0.00                                 
C90  27.9973N  85.5519E 2561 1 157  0.00   0.00                                 
C56  28.0023N  85.5472E 2304 2 158  0.00   0.00                                 
C62  28.0020N  85.5442E 2206 1 159  0.00   0.00                                 
C69  28.0021N  85.5418E 2117 2 160  0.00   0.00                                 
C72  28.0045N  85.5392E 2001 1 161  0.00   0.00                                 
C77  28.0082N  85.5373E 1963 2 162  0.00   0.00                                 
2D01 27.8329N  85.5727E  823 1 163  0.00   0.00                                 
2D03 27.8398N  85.5273E 1698 2 164  0.00   0.00                                 
2D04 27.8748N  85.5159E 1806 1 165  0.00   0.00                                 
2D05 27.9006N  85.5403E 1110 2 166  0.00   0.00                                 
2D06 27.9566N  85.5460E 1397 1 167  0.00   0.00                                 
2D07 27.9318N  85.5433E 1802 2 168  0.00   0.00                                 
2D08 27.9502N  85.5083E 2510 1 169  0.00   0.00                                 
2D09 27.9689N  85.5545E 2354 2 170  0.00   0.00                                 
2D10 27.7973N  85.5473E  949 1 171  0.00   0.00                                 
2D11 27.7760N  85.5610E  926 2 172  0.00   0.00                                 
2D12 27.8064N  85.5146E 1084 1 173  0.00   0.00                                 
2D13 27.8165N  85.4567E 2140 2 174  0.00   0.00                                 
2D14 27.9048N  85.4792E 2172 1 175  0.00   0.00                                 
2D15 27.8245N  85.4877E 1294 2 176  0.00   0.00                                 
2D16 27.8563N  85.5921E  964 1 177  0.00   0.00                                 
2D17 27.8246N  85.6079E 1579 2 178  0.00   0.00                                 
2D18 27.8964N  85.6211E 1076 1 179  0.00   0.00                                 
2D19 27.9429N  85.6582E 2090 2 180  0.00   0.00                                 
2D20 27.8766N  85.6725E 2271 1 181  0.00   0.00                                 
2D21 27.7878N  85.6178E 1601 2 182  0.00   0.00                                 
2D22 27.9864N  85.6619E 2001 1 183  0.00   0.00                                 
A000 27.8406N  85.5720E 1139 2 184  0.00   0.00                                 
A004 27.8435N  85.5727E 1243 1 185  0.00   0.00                                 
A009 27.8480N  85.5704E 1364 2 186  0.00   0.00                                 
A014 27.8524N  85.5673E 1443 1 187  0.00   0.00                                 
A019 27.8569N  85.5665E 1485 2 188  0.00   0.00                                 
A024 27.8615N  85.5671E 1539 1 189  0.00   0.00                                 
A029 27.8660N  85.5681E 1560 2 190  0.00   0.00                                 
A034 27.8704N  85.5697E 1571 1 191  0.00   0.00                                 
A039 27.8752N  85.5701E 1637 2 192  0.00   0.00                                 
A044 27.8796N  85.5693E 1755 1 193  0.00   0.00                                 
A049 27.8843N  85.5676E 1893 2 194  0.00   0.00                                 
A054 27.8885N  85.5716E 1975 1 195  0.00   0.00                                 
A059 27.8930N  85.5756E 1959 2 196  0.00   0.00                                 
A064 27.8976N  85.5787E 2040 1 197  0.00   0.00                                 
A069 27.9019N  85.5808E 2120 2 198  0.00   0.00                                 
A074 27.9065N  85.5839E 2307 1 199  0.00   0.00                                 
A079 27.9111N  85.5848E 2419 2 200  0.00   0.00                                 
A084 27.9158N  85.5881E 2460 1 201  0.00   0.00                                 
A089 27.9202N  85.5925E 2492 2 202  0.00   0.00                                 
A094 27.9248N  85.5966E 2571 1 203  0.00   0.00                                 
A100 27.9300N  85.5988E 2599 2 204  0.00   0.00                                 
A104 27.9338N  85.5989E 2632 1 205  0.00   0.00                                 
A109 27.9383N  85.5982E 2606 2 206  0.00   0.00                                 
A113 27.9419N  85.5963E 2632 1 207  0.00   0.00                                 
A114 27.9426N  85.5956E 2599 2 208  0.00   0.00                                 
A132 27.9592N  85.5903E 2850 1 209  0.00   0.00                                 
A134 27.9609N  85.5888E 2913 2 210  0.00   0.00                                 
A139 27.9654N  85.5878E 2946 1 211  0.00   0.00                                 
A144 27.9699N  85.5865E 3024 2 212  0.00   0.00                                 
A149 27.9745N  85.5833E 3184 1 213  0.00   0.00                                 
A154 27.9789N  85.5824E 3144 2 214  0.00   0.00                                 
A159 27.9834N  85.5812E 3195 1 215  0.00   0.00                                 
A164 27.9880N  85.5784E 3236 2 216  0.00   0.00                                 
A169 27.9924N  85.5725E 3253 1 217  0.00   0.00                                 
A174 27.9969N  85.5678E 3232 2 218  0.00   0.00                                 
A179 28.0015N  85.5671E 3196 1 219  0.00   0.00                                 
A181 28.0033N  85.5666E 3237 2 220  0.00   0.00                                 
AX4  27.9920N  85.5679E 3155 1 221  0.00   0.00                                 
AX6  27.9408N  85.5980E 2601 2 222  0.00   0.00                                 
B03  27.8659N  85.5657E 1531 1 223  0.00   0.00                                 
B09  27.8673N  85.5626E 1458 2 224  0.00   0.00                                 
B13  27.8686N  85.5606E 1366 1 225  0.00   0.00                                 
B19  27.8659N  85.5576E 1274 2 226  0.00   0.00                                 
B23  27.8658N  85.5558E 1219 1 227  0.00   0.00                                 
B28  27.8668N  85.5531E 1167 2 228  0.00   0.00                                 
B35  27.8689N  85.5501E 1076 1 229  0.00   0.00                                 
B39  27.8681N  85.5470E 1073 2 230  0.00   0.00                                 
B48  27.8684N  85.5425E  981 1 231  0.00   0.00                                 
B50  27.8682N  85.5418E  977 2 232  0.00   0.00                                 
C05  27.9980N  85.5645E 3090 1 233  0.00   0.00                                 
C10  27.9973N  85.5620E 2919 2 234  0.00   0.00                                 
C15  27.9975N  85.5594E 2799 1 235  0.00   0.00                                 
C21  27.9978N  85.5565E 2705 2 236  0.00   0.00                                 
C25  27.9985N  85.5543E 2590 1 237  0.00   0.00                                 
C90  27.9973N  85.5519E 2561 2 238  0.00   0.00                                 
C56  28.0023N  85.5472E 2304 1 239  0.00   0.00                                 
C62  28.0020N  85.5442E 2206 2 240  0.00   0.00                                 
C69  28.0021N  85.5418E 2117 1 241  0.00   0.00                                 
C72  28.0045N  85.5392E 2001 2 242  0.00   0.00                                 
C77  28.0082N  85.5373E 1963 1 243  0.00   0.00                                 

