2D01      27.8329   85.5727    0.0000    0.0000       0       0     175     172    0.0000    0.0296   1
2D03      27.8398   85.5273    0.0000    0.0000       0       0    1415    2599    0.0000    0.0346   1
2D04      27.8748   85.5159    0.0000    0.0000       0       0    2709    1030    0.0000    0.0286   1
2D05      27.9006   85.5403    0.0000    0.0000       0       0    3856    2702    0.0000    0.0258   1
2D06      27.9566   85.5460    0.0000    0.0000       0       0    3306      30    0.0000    0.0258   1
2D07      27.9318   85.5433    0.0000    0.0000       0       0    6357    3537    0.0000    0.0262   1
2D08      27.9502   85.5083    0.0000    0.0000       0       0    3141    1326    0.0000    0.0250   1
2D09      27.9689   85.5545    0.0000    0.0000       0       0    6236     663    0.0000    0.0235   1
2D10      27.7973   85.5473    0.0000    0.0000       0       0     810     470    0.0000    0.0345   1
2D11      27.7760   85.5610    0.0000    0.0000       0       0      32      31    0.0000    0.0375   1
2D12      27.8064   85.5146    0.0000    0.0000       0       0    2609    3116    0.0000    0.0333   1
2D13      27.8165   85.4567    0.0000    0.0000       0       0     690      80    0.0000    0.0344   1
2D14      27.9048   85.4792    0.0000    0.0000       0       0    2123    1067    0.0000    0.0310   1
2D15      27.8245   85.4877    0.0000    0.0000       0       0    3198    3054    0.0000    0.0283   1
2D16      27.8563   85.5921    0.0000    0.0000       0       0     750     381    0.0000    0.0311   1
2D17      27.8246   85.6079    0.0000    0.0000       0       0     552    2084    0.0000    0.0377   1
2D18      27.8964   85.6211    0.0000    0.0000       0       0    1589     263    0.0000    0.0271   1
2D19      27.9429   85.6582    0.0000    0.0000       0       0    2265     232    0.0000    0.0276   1
2D20      27.8766   85.6725    0.0000    0.0000       0       0    3978    1392    0.0000    0.0282   1
2D21      27.7878   85.6179    0.0000    0.0000       0       0    1312     403    0.0000    0.0307   1
2D22      27.9864   85.6619    0.0000    0.0000       0       0    1018      26    0.0000    0.0265   1
A000      27.8406   85.5720    0.0000    0.0000       0       0    1174    1800    0.0000    0.0315   1
A004      27.8435   85.5727    0.0000    0.0000       0       0    3038    3267    0.0000    0.0288   1
A009      27.8480   85.5704    0.0000    0.0000       0       0    1140    2672    0.0000    0.0330   1
A014      27.8524   85.5673    0.0000    0.0000       0       0    1645    2431    0.0000    0.0302   1
A019      27.8569   85.5665    0.0000    0.0000       0       0      31     270    0.0000    0.0324   1
A024      27.8615   85.5671    0.0000    0.0000       0       0     109    1830    0.0000    0.0299   1
A029      27.8660   85.5681    0.0000    0.0000       0       0      70     517    0.0000    0.0330   1
A034      27.8704   85.5697    0.0000    0.0000       0       0     157     781    0.0000    0.0300   1
A039      27.8752   85.5701    0.0000    0.0000       0       0    3511    3234    0.0000    0.0299   1
A044      27.8796   85.5693    0.0000    0.0000       0       0    2169    3364    0.0000    0.0314   1
A049      27.8843   85.5676    0.0000    0.0000       0       0    2720    2403    0.0000    0.0296   1
A054      27.8885   85.5716    0.0000    0.0000       0       0    2918    1651    0.0000    0.0284   1
A059      27.8930   85.5756    0.0000    0.0000       0       0    1242     744    0.0000    0.0294   1
A064      27.8976   85.5787    0.0000    0.0000       0       0    5991    3684    0.0000    0.0230   1
A069      27.9019   85.5808    0.0000    0.0000       0       0    3591    5940    0.0000    0.0237   1
A074      27.9065   85.5839    0.0000    0.0000       0       0    3106     795    0.0000    0.0285   1
A079      27.9111   85.5848    0.0000    0.0000       0       0    4317    2458    0.0000    0.0276   1
A084      27.9158   85.5881    0.0000    0.0000       0       0    4852    4672    0.0000    0.0236   1
A089      27.9202   85.5925    0.0000    0.0000       0       0    1575    1310    0.0000    0.0332   1
A094      27.9248   85.5966    0.0000    0.0000       0       0    5439    3226    0.0000    0.0278   1
A100      27.9300   85.5988    0.0000    0.0000       0       0    4646    4685    0.0000    0.0265   1
A104      27.9338   85.5989    0.0000    0.0000       0       0     457     139    0.0000    0.0338   1
A109      27.9383   85.5982    0.0000    0.0000       0       0    5078    2012    0.0000    0.0286   1
A113      27.9419   85.5963    0.0000    0.0000       0       0    3432    1948    0.0000    0.0271   1
A114      27.9426   85.5956    0.0000    0.0000       0       0    3093    1718    0.0000    0.0298   1
A132      27.9592   85.5903    0.0000    0.0000       0       0    4480     735    0.0000    0.0274   1
A134      27.9609   85.5888    0.0000    0.0000       0       0    6173    1408    0.0000    0.0250   1
A139      27.9654   85.5878    0.0000    0.0000       0       0    5889     800    0.0000    0.0223   1
A144      27.9699   85.5865    0.0000    0.0000       0       0    4035     527    0.0000    0.0230   1
A149      27.9745   85.5833    0.0000    0.0000       0       0    3488     405    0.0000    0.0265   1
A154      27.9789   85.5824    0.0000    0.0000       0       0    6198    1625    0.0000    0.0270   1
A159      27.9834   85.5812    0.0000    0.0000       0       0    5733    1261    0.0000    0.0228   1
A164      27.9880   85.5784    0.0000    0.0000       0       0    5092     992    0.0000    0.0238   1
A169      27.9924   85.5725    0.0000    0.0000       0       0    6107    1309    0.0000    0.0264   1
A174      27.9969   85.5678    0.0000    0.0000       0       0    1552     523    0.0000    0.0292   1
A179      28.0015   85.5671    0.0000    0.0000       0       0     922     452    0.0000    0.0362   1
A181      28.0033   85.5666    0.0000    0.0000       0       0    2575     503    0.0000    0.0278   1
AX4       27.9920   85.5679    0.0000    0.0000       0       0    1815     656    0.0000    0.0292   1
AX6       27.9408   85.5980    0.0000    0.0000       0       0    6062    1939    0.0000    0.0263   1
B03       27.8659   85.5657    0.0000    0.0000       0       0      22     111    0.0000    0.0382   1
B09       27.8673   85.5626    0.0000    0.0000       0       0    1311    3311    0.0000    0.0304   1
B13       27.8686   85.5606    0.0000    0.0000       0       0    1485    3289    0.0000    0.0286   1
B19       27.8659   85.5576    0.0000    0.0000       0       0     244     930    0.0000    0.0316   1
B23       27.8658   85.5558    0.0000    0.0000       0       0    1144    3161    0.0000    0.0263   1
B28       27.8668   85.5531    0.0000    0.0000       0       0     223    1031    0.0000    0.0324   1
B35       27.8689   85.5501    0.0000    0.0000       0       0    1838    4821    0.0000    0.0299   1
B39       27.8681   85.5471    0.0000    0.0000       0       0     190    1887    0.0000    0.0333   1
B48       27.8684   85.5425    0.0000    0.0000       0       0     386     670    0.0000    0.0325   1
B50       27.8682   85.5418    0.0000    0.0000       0       0     416    1516    0.0000    0.0332   1
C05       27.9980   85.5645    0.0000    0.0000       0       0     817     508    0.0000    0.0305   1
C10       27.9973   85.5620    0.0000    0.0000       0       0     841     610    0.0000    0.0328   1
C15       27.9975   85.5594    0.0000    0.0000       0       0    2488    1248    0.0000    0.0282   1
C21       27.9978   85.5565    0.0000    0.0000       0       0    1331     971    0.0000    0.0297   1
C25       27.9985   85.5544    0.0000    0.0000       0       0    1311     686    0.0000    0.0289   1
C90       27.9973   85.5519    0.0000    0.0000       0       0     295      74    0.0000    0.0300   1
C56       28.0023   85.5472    0.0000    0.0000       0       0    5154     215    0.0000    0.0225   1
C62       28.0020   85.5442    0.0000    0.0000       0       0    1044     103    0.0000    0.0257   1
C69       28.0021   85.5417    0.0000    0.0000       0       0    1083      26    0.0000    0.0275   1
C72       28.0045   85.5392    0.0000    0.0000       0       0    1085      31    0.0000    0.0282   1
C77       28.0082   85.5373    0.0000    0.0000       0       0      91      17    0.0000    0.0304   1
