==========================================
SLURM_JOB_ID = 5148176
SLURM_JOB_NODELIST = b15-10
TMPDIR = /tmp/SLURM_5148176
==========================================
chmod: cannot access 'Plot/plot_record_section.py': No such file or directory
Processing date: 2023-04-10
  Running plot_mode: all_in_one
python3: can't open file '/project2/okaya_201/LOC-FLOW/Plot/Plot/plot_record_section.py': [Errno 2] No such file or directory
  Running plot_mode: individual
python3: can't open file '/project2/okaya_201/LOC-FLOW/Plot/Plot/plot_record_section.py': [Errno 2] No such file or directory
  Running plot_mode: picker_stages for picker: STALTA
python3: can't open file '/project2/okaya_201/LOC-FLOW/Plot/Plot/plot_record_section.py': [Errno 2] No such file or directory
  Running plot_mode: picker_stages for picker: PhaseNet
python3: can't open file '/project2/okaya_201/LOC-FLOW/Plot/Plot/plot_record_section.py': [Errno 2] No such file or directory
  Running plot_mode: picker_stages for picker: QMigrate
python3: can't open file '/project2/okaya_201/LOC-FLOW/Plot/Plot/plot_record_section.py': [Errno 2] No such file or directory
Processing date: 2023-04-11
  Running plot_mode: all_in_one
python3: can't open file '/project2/okaya_201/LOC-FLOW/Plot/Plot/plot_record_section.py': [Errno 2] No such file or directory
  Running plot_mode: individual
python3: can't open file '/project2/okaya_201/LOC-FLOW/Plot/Plot/plot_record_section.py': [Errno 2] No such file or directory
  Running plot_mode: picker_stages for picker: STALTA
python3: can't open file '/project2/okaya_201/LOC-FLOW/Plot/Plot/plot_record_section.py': [Errno 2] No such file or directory
  Running plot_mode: picker_stages for picker: PhaseNet
python3: can't open file '/project2/okaya_201/LOC-FLOW/Plot/Plot/plot_record_section.py': [Errno 2] No such file or directory
  Running plot_mode: picker_stages for picker: QMigrate
python3: can't open file '/project2/okaya_201/LOC-FLOW/Plot/Plot/plot_record_section.py': [Errno 2] No such file or directory
Processing date: 2023-04-12
  Running plot_mode: all_in_one
python3: can't open file '/project2/okaya_201/LOC-FLOW/Plot/Plot/plot_record_section.py': [Errno 2] No such file or directory
  Running plot_mode: individual
python3: can't open file '/project2/okaya_201/LOC-FLOW/Plot/Plot/plot_record_section.py': [Errno 2] No such file or directory
  Running plot_mode: picker_stages for picker: STALTA
python3: can't open file '/project2/okaya_201/LOC-FLOW/Plot/Plot/plot_record_section.py': [Errno 2] No such file or directory
  Running plot_mode: picker_stages for picker: PhaseNet
python3: can't open file '/project2/okaya_201/LOC-FLOW/Plot/Plot/plot_record_section.py': [Errno 2] No such file or directory
  Running plot_mode: picker_stages for picker: QMigrate
python3: can't open file '/project2/okaya_201/LOC-FLOW/Plot/Plot/plot_record_section.py': [Errno 2] No such file or directory
Processing date: 2023-04-13
  Running plot_mode: all_in_one
python3: can't open file '/project2/okaya_201/LOC-FLOW/Plot/Plot/plot_record_section.py': [Errno 2] No such file or directory
  Running plot_mode: individual
python3: can't open file '/project2/okaya_201/LOC-FLOW/Plot/Plot/plot_record_section.py': [Errno 2] No such file or directory
  Running plot_mode: picker_stages for picker: STALTA
python3: can't open file '/project2/okaya_201/LOC-FLOW/Plot/Plot/plot_record_section.py': [Errno 2] No such file or directory
  Running plot_mode: picker_stages for picker: PhaseNet
python3: can't open file '/project2/okaya_201/LOC-FLOW/Plot/Plot/plot_record_section.py': [Errno 2] No such file or directory
  Running plot_mode: picker_stages for picker: QMigrate
python3: can't open file '/project2/okaya_201/LOC-FLOW/Plot/Plot/plot_record_section.py': [Errno 2] No such file or directory
Processing date: 2023-04-14
  Running plot_mode: all_in_one
python3: can't open file '/project2/okaya_201/LOC-FLOW/Plot/Plot/plot_record_section.py': [Errno 2] No such file or directory
  Running plot_mode: individual
python3: can't open file '/project2/okaya_201/LOC-FLOW/Plot/Plot/plot_record_section.py': [Errno 2] No such file or directory
  Running plot_mode: picker_stages for picker: STALTA
python3: can't open file '/project2/okaya_201/LOC-FLOW/Plot/Plot/plot_record_section.py': [Errno 2] No such file or directory
  Running plot_mode: picker_stages for picker: PhaseNet
python3: can't open file '/project2/okaya_201/LOC-FLOW/Plot/Plot/plot_record_section.py': [Errno 2] No such file or directory
  Running plot_mode: picker_stages for picker: QMigrate
python3: can't open file '/project2/okaya_201/LOC-FLOW/Plot/Plot/plot_record_section.py': [Errno 2] No such file or directory
Processing date: 2023-04-15
  Running plot_mode: all_in_one
python3: can't open file '/project2/okaya_201/LOC-FLOW/Plot/Plot/plot_record_section.py': [Errno 2] No such file or directory
  Running plot_mode: individual
python3: can't open file '/project2/okaya_201/LOC-FLOW/Plot/Plot/plot_record_section.py': [Errno 2] No such file or directory
  Running plot_mode: picker_stages for picker: STALTA
python3: can't open file '/project2/okaya_201/LOC-FLOW/Plot/Plot/plot_record_section.py': [Errno 2] No such file or directory
  Running plot_mode: picker_stages for picker: PhaseNet
python3: can't open file '/project2/okaya_201/LOC-FLOW/Plot/Plot/plot_record_section.py': [Errno 2] No such file or directory
  Running plot_mode: picker_stages for picker: QMigrate
python3: can't open file '/project2/okaya_201/LOC-FLOW/Plot/Plot/plot_record_section.py': [Errno 2] No such file or directory
Processing date: 2023-04-16
  Running plot_mode: all_in_one
python3: can't open file '/project2/okaya_201/LOC-FLOW/Plot/Plot/plot_record_section.py': [Errno 2] No such file or directory
  Running plot_mode: individual
python3: can't open file '/project2/okaya_201/LOC-FLOW/Plot/Plot/plot_record_section.py': [Errno 2] No such file or directory
  Running plot_mode: picker_stages for picker: STALTA
python3: can't open file '/project2/okaya_201/LOC-FLOW/Plot/Plot/plot_record_section.py': [Errno 2] No such file or directory
  Running plot_mode: picker_stages for picker: PhaseNet
python3: can't open file '/project2/okaya_201/LOC-FLOW/Plot/Plot/plot_record_section.py': [Errno 2] No such file or directory
  Running plot_mode: picker_stages for picker: QMigrate
python3: can't open file '/project2/okaya_201/LOC-FLOW/Plot/Plot/plot_record_section.py': [Errno 2] No such file or directory
Processing date: 2023-04-17
  Running plot_mode: all_in_one
python3: can't open file '/project2/okaya_201/LOC-FLOW/Plot/Plot/plot_record_section.py': [Errno 2] No such file or directory
  Running plot_mode: individual
python3: can't open file '/project2/okaya_201/LOC-FLOW/Plot/Plot/plot_record_section.py': [Errno 2] No such file or directory
  Running plot_mode: picker_stages for picker: STALTA
python3: can't open file '/project2/okaya_201/LOC-FLOW/Plot/Plot/plot_record_section.py': [Errno 2] No such file or directory
  Running plot_mode: picker_stages for picker: PhaseNet
python3: can't open file '/project2/okaya_201/LOC-FLOW/Plot/Plot/plot_record_section.py': [Errno 2] No such file or directory
  Running plot_mode: picker_stages for picker: QMigrate
python3: can't open file '/project2/okaya_201/LOC-FLOW/Plot/Plot/plot_record_section.py': [Errno 2] No such file or directory
Processing date: 2023-04-18
  Running plot_mode: all_in_one
python3: can't open file '/project2/okaya_201/LOC-FLOW/Plot/Plot/plot_record_section.py': [Errno 2] No such file or directory
  Running plot_mode: individual
python3: can't open file '/project2/okaya_201/LOC-FLOW/Plot/Plot/plot_record_section.py': [Errno 2] No such file or directory
  Running plot_mode: picker_stages for picker: STALTA
python3: can't open file '/project2/okaya_201/LOC-FLOW/Plot/Plot/plot_record_section.py': [Errno 2] No such file or directory
  Running plot_mode: picker_stages for picker: PhaseNet
python3: can't open file '/project2/okaya_201/LOC-FLOW/Plot/Plot/plot_record_section.py': [Errno 2] No such file or directory
  Running plot_mode: picker_stages for picker: QMigrate
python3: can't open file '/project2/okaya_201/LOC-FLOW/Plot/Plot/plot_record_section.py': [Errno 2] No such file or directory
Processing date: 2023-04-19
  Running plot_mode: all_in_one
python3: can't open file '/project2/okaya_201/LOC-FLOW/Plot/Plot/plot_record_section.py': [Errno 2] No such file or directory
  Running plot_mode: individual
python3: can't open file '/project2/okaya_201/LOC-FLOW/Plot/Plot/plot_record_section.py': [Errno 2] No such file or directory
  Running plot_mode: picker_stages for picker: STALTA
python3: can't open file '/project2/okaya_201/LOC-FLOW/Plot/Plot/plot_record_section.py': [Errno 2] No such file or directory
  Running plot_mode: picker_stages for picker: PhaseNet
python3: can't open file '/project2/okaya_201/LOC-FLOW/Plot/Plot/plot_record_section.py': [Errno 2] No such file or directory
  Running plot_mode: picker_stages for picker: QMigrate
python3: can't open file '/project2/okaya_201/LOC-FLOW/Plot/Plot/plot_record_section.py': [Errno 2] No such file or directory
Processing date: 2023-04-20
  Running plot_mode: all_in_one
python3: can't open file '/project2/okaya_201/LOC-FLOW/Plot/Plot/plot_record_section.py': [Errno 2] No such file or directory
  Running plot_mode: individual
python3: can't open file '/project2/okaya_201/LOC-FLOW/Plot/Plot/plot_record_section.py': [Errno 2] No such file or directory
  Running plot_mode: picker_stages for picker: STALTA
python3: can't open file '/project2/okaya_201/LOC-FLOW/Plot/Plot/plot_record_section.py': [Errno 2] No such file or directory
  Running plot_mode: picker_stages for picker: PhaseNet
python3: can't open file '/project2/okaya_201/LOC-FLOW/Plot/Plot/plot_record_section.py': [Errno 2] No such file or directory
  Running plot_mode: picker_stages for picker: QMigrate
python3: can't open file '/project2/okaya_201/LOC-FLOW/Plot/Plot/plot_record_section.py': [Errno 2] No such file or directory
Processing date: 2023-04-21
  Running plot_mode: all_in_one
python3: can't open file '/project2/okaya_201/LOC-FLOW/Plot/Plot/plot_record_section.py': [Errno 2] No such file or directory
  Running plot_mode: individual
python3: can't open file '/project2/okaya_201/LOC-FLOW/Plot/Plot/plot_record_section.py': [Errno 2] No such file or directory
  Running plot_mode: picker_stages for picker: STALTA
python3: can't open file '/project2/okaya_201/LOC-FLOW/Plot/Plot/plot_record_section.py': [Errno 2] No such file or directory
  Running plot_mode: picker_stages for picker: PhaseNet
python3: can't open file '/project2/okaya_201/LOC-FLOW/Plot/Plot/plot_record_section.py': [Errno 2] No such file or directory
  Running plot_mode: picker_stages for picker: QMigrate
python3: can't open file '/project2/okaya_201/LOC-FLOW/Plot/Plot/plot_record_section.py': [Errno 2] No such file or directory
Processing date: 2023-04-22
  Running plot_mode: all_in_one
python3: can't open file '/project2/okaya_201/LOC-FLOW/Plot/Plot/plot_record_section.py': [Errno 2] No such file or directory
  Running plot_mode: individual
python3: can't open file '/project2/okaya_201/LOC-FLOW/Plot/Plot/plot_record_section.py': [Errno 2] No such file or directory
  Running plot_mode: picker_stages for picker: STALTA
python3: can't open file '/project2/okaya_201/LOC-FLOW/Plot/Plot/plot_record_section.py': [Errno 2] No such file or directory
  Running plot_mode: picker_stages for picker: PhaseNet
python3: can't open file '/project2/okaya_201/LOC-FLOW/Plot/Plot/plot_record_section.py': [Errno 2] No such file or directory
  Running plot_mode: picker_stages for picker: QMigrate
python3: can't open file '/project2/okaya_201/LOC-FLOW/Plot/Plot/plot_record_section.py': [Errno 2] No such file or directory
Processing date: 2023-04-23
  Running plot_mode: all_in_one
python3: can't open file '/project2/okaya_201/LOC-FLOW/Plot/Plot/plot_record_section.py': [Errno 2] No such file or directory
  Running plot_mode: individual
python3: can't open file '/project2/okaya_201/LOC-FLOW/Plot/Plot/plot_record_section.py': [Errno 2] No such file or directory
  Running plot_mode: picker_stages for picker: STALTA
python3: can't open file '/project2/okaya_201/LOC-FLOW/Plot/Plot/plot_record_section.py': [Errno 2] No such file or directory
  Running plot_mode: picker_stages for picker: PhaseNet
python3: can't open file '/project2/okaya_201/LOC-FLOW/Plot/Plot/plot_record_section.py': [Errno 2] No such file or directory
  Running plot_mode: picker_stages for picker: QMigrate
python3: can't open file '/project2/okaya_201/LOC-FLOW/Plot/Plot/plot_record_section.py': [Errno 2] No such file or directory
Processing date: 2023-04-24
  Running plot_mode: all_in_one
python3: can't open file '/project2/okaya_201/LOC-FLOW/Plot/Plot/plot_record_section.py': [Errno 2] No such file or directory
  Running plot_mode: individual
python3: can't open file '/project2/okaya_201/LOC-FLOW/Plot/Plot/plot_record_section.py': [Errno 2] No such file or directory
  Running plot_mode: picker_stages for picker: STALTA
python3: can't open file '/project2/okaya_201/LOC-FLOW/Plot/Plot/plot_record_section.py': [Errno 2] No such file or directory
  Running plot_mode: picker_stages for picker: PhaseNet
python3: can't open file '/project2/okaya_201/LOC-FLOW/Plot/Plot/plot_record_section.py': [Errno 2] No such file or directory
  Running plot_mode: picker_stages for picker: QMigrate
python3: can't open file '/project2/okaya_201/LOC-FLOW/Plot/Plot/plot_record_section.py': [Errno 2] No such file or directory
Processing date: 2023-04-25
  Running plot_mode: all_in_one
python3: can't open file '/project2/okaya_201/LOC-FLOW/Plot/Plot/plot_record_section.py': [Errno 2] No such file or directory
  Running plot_mode: individual
python3: can't open file '/project2/okaya_201/LOC-FLOW/Plot/Plot/plot_record_section.py': [Errno 2] No such file or directory
  Running plot_mode: picker_stages for picker: STALTA
python3: can't open file '/project2/okaya_201/LOC-FLOW/Plot/Plot/plot_record_section.py': [Errno 2] No such file or directory
  Running plot_mode: picker_stages for picker: PhaseNet
python3: can't open file '/project2/okaya_201/LOC-FLOW/Plot/Plot/plot_record_section.py': [Errno 2] No such file or directory
  Running plot_mode: picker_stages for picker: QMigrate
python3: can't open file '/project2/okaya_201/LOC-FLOW/Plot/Plot/plot_record_section.py': [Errno 2] No such file or directory
Processing date: 2023-04-26
  Running plot_mode: all_in_one
python3: can't open file '/project2/okaya_201/LOC-FLOW/Plot/Plot/plot_record_section.py': [Errno 2] No such file or directory
  Running plot_mode: individual
python3: can't open file '/project2/okaya_201/LOC-FLOW/Plot/Plot/plot_record_section.py': [Errno 2] No such file or directory
  Running plot_mode: picker_stages for picker: STALTA
python3: can't open file '/project2/okaya_201/LOC-FLOW/Plot/Plot/plot_record_section.py': [Errno 2] No such file or directory
  Running plot_mode: picker_stages for picker: PhaseNet
python3: can't open file '/project2/okaya_201/LOC-FLOW/Plot/Plot/plot_record_section.py': [Errno 2] No such file or directory
  Running plot_mode: picker_stages for picker: QMigrate
python3: can't open file '/project2/okaya_201/LOC-FLOW/Plot/Plot/plot_record_section.py': [Errno 2] No such file or directory
Processing date: 2023-04-27
  Running plot_mode: all_in_one
python3: can't open file '/project2/okaya_201/LOC-FLOW/Plot/Plot/plot_record_section.py': [Errno 2] No such file or directory
  Running plot_mode: individual
python3: can't open file '/project2/okaya_201/LOC-FLOW/Plot/Plot/plot_record_section.py': [Errno 2] No such file or directory
  Running plot_mode: picker_stages for picker: STALTA
python3: can't open file '/project2/okaya_201/LOC-FLOW/Plot/Plot/plot_record_section.py': [Errno 2] No such file or directory
  Running plot_mode: picker_stages for picker: PhaseNet
python3: can't open file '/project2/okaya_201/LOC-FLOW/Plot/Plot/plot_record_section.py': [Errno 2] No such file or directory
  Running plot_mode: picker_stages for picker: QMigrate
python3: can't open file '/project2/okaya_201/LOC-FLOW/Plot/Plot/plot_record_section.py': [Errno 2] No such file or directory
Processing date: 2023-04-28
  Running plot_mode: all_in_one
python3: can't open file '/project2/okaya_201/LOC-FLOW/Plot/Plot/plot_record_section.py': [Errno 2] No such file or directory
  Running plot_mode: individual
python3: can't open file '/project2/okaya_201/LOC-FLOW/Plot/Plot/plot_record_section.py': [Errno 2] No such file or directory
  Running plot_mode: picker_stages for picker: STALTA
python3: can't open file '/project2/okaya_201/LOC-FLOW/Plot/Plot/plot_record_section.py': [Errno 2] No such file or directory
  Running plot_mode: picker_stages for picker: PhaseNet
python3: can't open file '/project2/okaya_201/LOC-FLOW/Plot/Plot/plot_record_section.py': [Errno 2] No such file or directory
  Running plot_mode: picker_stages for picker: QMigrate
python3: can't open file '/project2/okaya_201/LOC-FLOW/Plot/Plot/plot_record_section.py': [Errno 2] No such file or directory
Processing date: 2023-04-29
  Running plot_mode: all_in_one
python3: can't open file '/project2/okaya_201/LOC-FLOW/Plot/Plot/plot_record_section.py': [Errno 2] No such file or directory
  Running plot_mode: individual
python3: can't open file '/project2/okaya_201/LOC-FLOW/Plot/Plot/plot_record_section.py': [Errno 2] No such file or directory
  Running plot_mode: picker_stages for picker: STALTA
python3: can't open file '/project2/okaya_201/LOC-FLOW/Plot/Plot/plot_record_section.py': [Errno 2] No such file or directory
  Running plot_mode: picker_stages for picker: PhaseNet
python3: can't open file '/project2/okaya_201/LOC-FLOW/Plot/Plot/plot_record_section.py': [Errno 2] No such file or directory
  Running plot_mode: picker_stages for picker: QMigrate
python3: can't open file '/project2/okaya_201/LOC-FLOW/Plot/Plot/plot_record_section.py': [Errno 2] No such file or directory
Processing date: 2023-04-30
  Running plot_mode: all_in_one
python3: can't open file '/project2/okaya_201/LOC-FLOW/Plot/Plot/plot_record_section.py': [Errno 2] No such file or directory
  Running plot_mode: individual
python3: can't open file '/project2/okaya_201/LOC-FLOW/Plot/Plot/plot_record_section.py': [Errno 2] No such file or directory
  Running plot_mode: picker_stages for picker: STALTA
python3: can't open file '/project2/okaya_201/LOC-FLOW/Plot/Plot/plot_record_section.py': [Errno 2] No such file or directory
  Running plot_mode: picker_stages for picker: PhaseNet
python3: can't open file '/project2/okaya_201/LOC-FLOW/Plot/Plot/plot_record_section.py': [Errno 2] No such file or directory
  Running plot_mode: picker_stages for picker: QMigrate
python3: can't open file '/project2/okaya_201/LOC-FLOW/Plot/Plot/plot_record_section.py': [Errno 2] No such file or directory
Processing date: 2023-05-01
  Running plot_mode: all_in_one
python3: can't open file '/project2/okaya_201/LOC-FLOW/Plot/Plot/plot_record_section.py': [Errno 2] No such file or directory
  Running plot_mode: individual
python3: can't open file '/project2/okaya_201/LOC-FLOW/Plot/Plot/plot_record_section.py': [Errno 2] No such file or directory
  Running plot_mode: picker_stages for picker: STALTA
python3: can't open file '/project2/okaya_201/LOC-FLOW/Plot/Plot/plot_record_section.py': [Errno 2] No such file or directory
  Running plot_mode: picker_stages for picker: PhaseNet
python3: can't open file '/project2/okaya_201/LOC-FLOW/Plot/Plot/plot_record_section.py': [Errno 2] No such file or directory
  Running plot_mode: picker_stages for picker: QMigrate
python3: can't open file '/project2/okaya_201/LOC-FLOW/Plot/Plot/plot_record_section.py': [Errno 2] No such file or directory
Processing date: 2023-05-02
  Running plot_mode: all_in_one
python3: can't open file '/project2/okaya_201/LOC-FLOW/Plot/Plot/plot_record_section.py': [Errno 2] No such file or directory
  Running plot_mode: individual
python3: can't open file '/project2/okaya_201/LOC-FLOW/Plot/Plot/plot_record_section.py': [Errno 2] No such file or directory
  Running plot_mode: picker_stages for picker: STALTA
python3: can't open file '/project2/okaya_201/LOC-FLOW/Plot/Plot/plot_record_section.py': [Errno 2] No such file or directory
  Running plot_mode: picker_stages for picker: PhaseNet
python3: can't open file '/project2/okaya_201/LOC-FLOW/Plot/Plot/plot_record_section.py': [Errno 2] No such file or directory
  Running plot_mode: picker_stages for picker: QMigrate
python3: can't open file '/project2/okaya_201/LOC-FLOW/Plot/Plot/plot_record_section.py': [Errno 2] No such file or directory
Processing date: 2023-05-03
  Running plot_mode: all_in_one
python3: can't open file '/project2/okaya_201/LOC-FLOW/Plot/Plot/plot_record_section.py': [Errno 2] No such file or directory
  Running plot_mode: individual
python3: can't open file '/project2/okaya_201/LOC-FLOW/Plot/Plot/plot_record_section.py': [Errno 2] No such file or directory
  Running plot_mode: picker_stages for picker: STALTA
python3: can't open file '/project2/okaya_201/LOC-FLOW/Plot/Plot/plot_record_section.py': [Errno 2] No such file or directory
  Running plot_mode: picker_stages for picker: PhaseNet
python3: can't open file '/project2/okaya_201/LOC-FLOW/Plot/Plot/plot_record_section.py': [Errno 2] No such file or directory
  Running plot_mode: picker_stages for picker: QMigrate
python3: can't open file '/project2/okaya_201/LOC-FLOW/Plot/Plot/plot_record_section.py': [Errno 2] No such file or directory
Processing date: 2023-05-04
  Running plot_mode: all_in_one
python3: can't open file '/project2/okaya_201/LOC-FLOW/Plot/Plot/plot_record_section.py': [Errno 2] No such file or directory
  Running plot_mode: individual
python3: can't open file '/project2/okaya_201/LOC-FLOW/Plot/Plot/plot_record_section.py': [Errno 2] No such file or directory
  Running plot_mode: picker_stages for picker: STALTA
python3: can't open file '/project2/okaya_201/LOC-FLOW/Plot/Plot/plot_record_section.py': [Errno 2] No such file or directory
  Running plot_mode: picker_stages for picker: PhaseNet
python3: can't open file '/project2/okaya_201/LOC-FLOW/Plot/Plot/plot_record_section.py': [Errno 2] No such file or directory
  Running plot_mode: picker_stages for picker: QMigrate
python3: can't open file '/project2/okaya_201/LOC-FLOW/Plot/Plot/plot_record_section.py': [Errno 2] No such file or directory
Processing date: 2023-05-05
  Running plot_mode: all_in_one
python3: can't open file '/project2/okaya_201/LOC-FLOW/Plot/Plot/plot_record_section.py': [Errno 2] No such file or directory
  Running plot_mode: individual
python3: can't open file '/project2/okaya_201/LOC-FLOW/Plot/Plot/plot_record_section.py': [Errno 2] No such file or directory
  Running plot_mode: picker_stages for picker: STALTA
python3: can't open file '/project2/okaya_201/LOC-FLOW/Plot/Plot/plot_record_section.py': [Errno 2] No such file or directory
  Running plot_mode: picker_stages for picker: PhaseNet
python3: can't open file '/project2/okaya_201/LOC-FLOW/Plot/Plot/plot_record_section.py': [Errno 2] No such file or directory
  Running plot_mode: picker_stages for picker: QMigrate
python3: can't open file '/project2/okaya_201/LOC-FLOW/Plot/Plot/plot_record_section.py': [Errno 2] No such file or directory
Processing date: 2023-05-06
  Running plot_mode: all_in_one
python3: can't open file '/project2/okaya_201/LOC-FLOW/Plot/Plot/plot_record_section.py': [Errno 2] No such file or directory
  Running plot_mode: individual
python3: can't open file '/project2/okaya_201/LOC-FLOW/Plot/Plot/plot_record_section.py': [Errno 2] No such file or directory
  Running plot_mode: picker_stages for picker: STALTA
python3: can't open file '/project2/okaya_201/LOC-FLOW/Plot/Plot/plot_record_section.py': [Errno 2] No such file or directory
  Running plot_mode: picker_stages for picker: PhaseNet
python3: can't open file '/project2/okaya_201/LOC-FLOW/Plot/Plot/plot_record_section.py': [Errno 2] No such file or directory
  Running plot_mode: picker_stages for picker: QMigrate
python3: can't open file '/project2/okaya_201/LOC-FLOW/Plot/Plot/plot_record_section.py': [Errno 2] No such file or directory
Processing date: 2023-05-07
  Running plot_mode: all_in_one
python3: can't open file '/project2/okaya_201/LOC-FLOW/Plot/Plot/plot_record_section.py': [Errno 2] No such file or directory
  Running plot_mode: individual
python3: can't open file '/project2/okaya_201/LOC-FLOW/Plot/Plot/plot_record_section.py': [Errno 2] No such file or directory
  Running plot_mode: picker_stages for picker: STALTA
python3: can't open file '/project2/okaya_201/LOC-FLOW/Plot/Plot/plot_record_section.py': [Errno 2] No such file or directory
  Running plot_mode: picker_stages for picker: PhaseNet
python3: can't open file '/project2/okaya_201/LOC-FLOW/Plot/Plot/plot_record_section.py': [Errno 2] No such file or directory
  Running plot_mode: picker_stages for picker: QMigrate
python3: can't open file '/project2/okaya_201/LOC-FLOW/Plot/Plot/plot_record_section.py': [Errno 2] No such file or directory
All plotting tasks completed.
