(a4,1x,f7.4,a1,1x,f8.4,a1,1x,i4,1x,i1,1x,i3,1x,f5.2,2x,f5.2)                    
2D01 27.8329N  85.5727E -117 1   0  0.00   0.0       lon,z,model,icc,ptcor,stcor
2D03 27.8398N  85.5273E -301 2   2  0.09   0.18                                 
2D04 27.8748N  85.5159E -193 1   3  0.14   0.19                                 
2D05 27.9006N  85.5403E -889 2   4  0.07  -0.03                                 
2D06 27.9566N  85.5460E -602 1   5 -0.02  -0.23                                 
2D07 27.9318N  85.5433E -197 2   6  0.00  -0.12                                 
2D08 27.9502N  85.5083E  510 1   7  0.02   0.09                                 
2D09 27.9689N  85.5545E  354 2   8 -0.03  -0.11                                 
2D10 27.7973N  85.5473E -105 1   0  0.00   0.00                                 
2D11 27.7760N  85.5610E -107 2   1 -0.15  -0.36                                 
2D12 27.8064N  85.5146E -915 1  11  0.14   0.23                                 
2D13 27.8165N  85.4567E  140 2  12  0.16   0.39                                 
2D14 27.9048N  85.4792E  172 1  13  0.15   0.24                                 
2D15 27.8245N  85.4877E -705 2  14  0.16   0.11                                 
2D16 27.8563N  85.5921E -103 1   1 -0.15  -0.36                                 
2D17 27.8246N  85.6079E -420 2  16  0.02   0.19                                 
2D18 27.8964N  85.6211E -923 1  17  0.06  -0.11                                 
2D19 27.9429N  85.6582E   90 2  18 -0.03  -0.06                                 
2D20 27.8766N  85.6725E  271 1  19 -0.03  -0.06                                 
2D21 27.7878N  85.6178E -398 2  20  0.01   0.00                                 
2D22 27.9864N  85.6619E    1 1  21  0.02  -0.05                                 
A000 27.8406N  85.5720E -860 2  22  0.11   0.00                                 
A001 27.8409N  85.5721E -843 1  23 -0.06  -0.19                                 
A002 27.8416N  85.5720E -810 2  24  0.10   0.01                                 
A003 27.8424N  85.5721E -782 1  25  0.09   0.09                                 
A004 27.8435N  85.5727E -756 2  26  0.07  -0.02                                 
A005 27.8443N  85.5726E -727 1  27  0.08   0.05                                 
A006 27.8447N  85.5724E -717 2  28  0.09  -0.01                                 
A007 27.8461N  85.5716E -659 1  29  0.07  -0.03                                 
A008 27.8472N  85.5709E -650 2  30  0.06   0.03                                 
A009 27.8480N  85.5704E -635 1  31  0.07   0.08                                 
A010 27.8486N  85.5695E -631 2  32  0.07   0.01                                 
A011 27.8498N  85.5688E -603 1  33  0.04   0.16                                 
A012 27.8508N  85.5684E -591 2  34  0.04   0.12                                 
A013 27.8515N  85.5681E -583 1  35  0.05   0.08                                 
A014 27.8524N  85.5673E -556 2  36  0.07  -0.04                                 
A015 27.8532N  85.5671E -528 1  37  0.06   0.04                                 
A016 27.8540N  85.5665E -519 2  38  0.06   0.11                                 
A017 27.8547N  85.5670E -520 1  39  0.03   0.09                                 
A018 27.8562N  85.5668E -522 2  40  0.04   0.05                                 
A019 27.8569N  85.5665E -514 1  41  0.03   0.18                                 
A020 27.8581N  85.5669E -499 2  42  0.07   0.05                                 
A021 27.8589N  85.5662E -499 1  43  0.07   0.00                                 
A022 27.8603N  85.5668E -470 2  44  0.05   0.07                                 
A023 27.8610N  85.5666E -467 1  45  0.05  -0.05                                 
A024 27.8615N  85.5671E -460 2  46  0.07  -0.02                                 
A025 27.8622N  85.5675E -443 1  47  0.05  -0.01                                 
A026 27.8632N  85.5675E -441 2  48  0.04  -0.06                                 
A027 27.8640N  85.5683E -443 1  49  0.04   0.02                                 
A028 27.8648N  85.5675E -447 2  50  0.03  -0.07                                 
A029 27.8660N  85.5681E -439 1  51  0.05   0.12                                 
A030 27.8671N  85.5687E -435 2  52  0.06   0.09                                 
A031 27.8677N  85.5687E -441 1  53  0.04   0.13                                 
A032 27.8687N  85.5688E -441 2  54  0.04   0.00                                 
A033 27.8697N  85.5689E -430 1  55  0.06   0.07                                 
A034 27.8704N  85.5697E -428 2  56  0.07   0.02                                 
A035 27.8717N  85.5704E -432 1  57  0.07  -0.00                                 
A036 27.8727N  85.5703E -420 2  58  0.09   0.03                                 
A037 27.8731N  85.5704E -413 1  59  0.09   0.02                                 
A038 27.8742N  85.5703E -392 2  60  0.07   0.01                                 
A039 27.8752N  85.5701E -362 1  61  0.06  -0.05                                 
A040 27.8760N  85.5697E -348 2  62  0.05   0.00                                 
A041 27.8769N  85.5690E -326 1  63  0.06   0.03                                 
A042 27.8778N  85.5693E -307 2  64  0.06   0.03                                 
A043 27.8788N  85.5699E -268 1  65  0.08   0.05                                 
A044 27.8796N  85.5693E -244 2  66  0.08   0.10                                 
A045 27.8804N  85.5693E -217 1  67  0.09   0.10                                 
A046 27.8815N  85.5695E -189 2  68  0.07   0.07                                 
A047 27.8825N  85.5680E -169 1  69  0.06   0.08                                 
A048 27.8833N  85.5675E -143 2  70  0.06   0.07                                 
A049 27.8843N  85.5676E -106 1  71  0.10   0.08                                 
A050 27.8851N  85.5682E  -81 2  72  0.08   0.07                                 
A051 27.8858N  85.5696E  -41 1  73  0.07   0.12                                 
A052 27.8867N  85.5709E  -31 2  74  0.07   0.06                                 
A053 27.8877N  85.5714E  -28 1  75  0.07   0.08                                 
A054 27.8885N  85.5716E  -24 2  76  0.09   0.10                                 
A056 27.8900N  85.5741E  -36 1  77  0.07   0.02                                 
A057 27.8908N  85.5739E  -46 2  78  0.04   0.02                                 
A058 27.8918N  85.5741E  -50 1  79  0.07   0.05                                 
A059 27.8930N  85.5756E  -40 2  80  0.06   0.02                                 
A060 27.8943N  85.5762E   -4 1  81  0.07   0.06                                 
A061 27.8949N  85.5764E    9 2  82  0.04   0.04                                 
A062 27.8959N  85.5766E   21 1  83  0.05   0.04                                 
A063 27.8968N  85.5777E   23 2  84  0.06   0.06                                 
A064 27.8976N  85.5787E   40 1  85  0.08   0.12                                 
A065 27.8985N  85.5791E   59 2  86  0.07   0.14                                 
A066 27.8993N  85.5792E   77 1  87  0.07   0.06                                 
A067 27.9001N  85.5793E   88 2  88  0.04   0.07                                 
A068 27.9011N  85.5802E  110 1  89  0.04   0.09                                 
A069 27.9019N  85.5808E  120 2  90  0.03   0.07                                 
A070 27.9031N  85.5819E  155 1  91  0.01   0.01                                 
A071 27.9040N  85.5826E  195 2  92  0.01   0.02                                 
A072 27.9050N  85.5840E  250 1  93  0.01   0.04                                 
A073 27.9057N  85.5843E  277 2  94  0.01   0.06                                 
A074 27.9065N  85.5839E  307 1  95  0.03   0.11                                 
A075 27.9077N  85.5833E  344 2  96  0.03   0.13                                 
A076 27.9085N  85.5829E  364 1  97  0.03   0.13                                 
A077 27.9093N  85.5838E  384 2  98  0.03   0.12                                 
A078 27.9102N  85.5843E  395 1  99  0.01   0.05                                 
A079 27.9111N  85.5848E  419 2 100 -0.01   0.04                                 
A080 27.9119N  85.5852E  438 1 101 -0.01   0.02                                 
A081 27.9131N  85.5858E  446 2 102  0.01   0.05                                 
A082 27.9139N  85.5869E  450 1 103  0.00   0.02                                 
A083 27.9147N  85.5874E  460 2 104 -0.02   0.01                                 
A084 27.9158N  85.5881E  460 1 105 -0.04  -0.07                                 
A085 27.9166N  85.5887E  460 2 106 -0.03  -0.05                                 
A086 27.9175N  85.5893E  464 1 107 -0.01  -0.06                                 
A087 27.9181N  85.5904E  485 2 108 -0.03  -0.06                                 
A088 27.9189N  85.5909E  458 1 109 -0.04  -0.08                                 
A089 27.9202N  85.5925E  492 2 110 -0.01   0.03                                 
A090 27.9210N  85.5925E  464 1 111 -0.05  -0.09                                 
A091 27.9222N  85.5930E  470 2 112 -0.04  -0.07                                 
A092 27.9231N  85.5939E  482 1 113 -0.04  -0.06                                 
A093 27.9239N  85.5955E  541 2 114 -0.02  -0.01                                 
A094 27.9248N  85.5966E  571 1 115 -0.03  -0.04                                 
A095 27.9257N  85.5979E  602 2 116 -0.01  -0.02                                 
A096 27.9264N  85.5981E  608 1 117 -0.02   0.01                                 
A097 27.9274N  85.5985E  620 2 118 -0.02   0.01                                 
A098 27.9282N  85.5986E  616 1 119 -0.01  -0.03                                 
A099 27.9291N  85.5987E  610 2 120 -0.03  -0.01                                 
A100 27.9300N  85.5988E  599 1 121 -0.04  -0.04                                 
A101 27.9309N  85.5988E  610 2 122 -0.07  -0.10                                 
A102 27.9318N  85.5986E  617 1 123 -0.03  -0.04                                 
A103 27.9329N  85.5991E  637 2 124 -0.04  -0.05                                 
A104 27.9338N  85.5989E  632 1 125 -0.02  -0.01                                 
A105 27.9346N  85.5992E  635 2 126 -0.06  -0.07                                 
A106 27.9356N  85.5996E  651 1 127 -0.06  -0.10                                 
A107 27.9366N  85.5992E  653 2 128 -0.05  -0.07                                 
A108 27.9375N  85.5988E  640 1 129 -0.06  -0.06                                 
A109 27.9383N  85.5982E  606 2 130 -0.06  -0.07                                 
A110 27.9393N  85.5976E  606 1 131 -0.05  -0.07                                 
A111 27.9398N  85.5973E  603 2 132 -0.05  -0.10                                 
A112 27.9411N  85.5967E  640 1 133 -0.02  -0.03                                 
A113 27.9419N  85.5963E  632 2 134 -0.04  -0.06                                 
A114 27.9426N  85.5956E  599 1 135 -0.06  -0.17                                 
A115 27.9436N  85.5968E  595 2 136 -0.04  -0.11                                 
A132 27.9592N  85.5903E  850 1 137 -0.04  -0.01                                 
A133 27.9600N  85.5892E  903 2 138  0.00   0.05                                 
A134 27.9609N  85.5888E  913 1 139  0.00   0.06                                 
A135 27.9618N  85.5884E  922 2 140  0.01   0.08                                 
A136 27.9625N  85.5881E  912 1 141 -0.02   0.10                                 
A137 27.9635N  85.5880E  929 2 142 -0.03   0.04                                 
A138 27.9644N  85.5880E  934 1 143 -0.01  -0.08                                 
A139 27.9654N  85.5878E  946 2 144 -0.01   0.04                                 
A140 27.9661N  85.5876E  964 1 145 -0.03   0.04                                 
A141 27.9672N  85.5873E  984 2 146  0.01   0.08                                 
A142 27.9680N  85.5868E  975 1 147  0.00   0.06                                 
A143 27.9689N  85.5868E  995 2 148  0.01   0.06                                 
A144 27.9699N  85.5865E 1024 1 149  0.02   0.09                                 
A145 27.9710N  85.5864E 1077 2 150  0.00   0.04                                 
A146 27.9717N  85.5861E 1098 1 151 -0.02   0.05                                 
A147 27.9727N  85.5856E 1124 2 152 -0.01   0.06                                 
A148 27.9735N  85.5848E 1134 1 153 -0.04   0.05                                 
A149 27.9745N  85.5833E 1184 2 154 -0.03   0.14                                 
A150 27.9753N  85.5824E 1149 1 155 -0.02   0.01                                 
A151 27.9762N  85.5826E 1137 2 156 -0.04   0.01                                 
A152 27.9770N  85.5824E 1135 1 157 -0.03   0.03                                 
A153 27.9780N  85.5826E 1136 2 158 -0.04   0.00                                 
A154 27.9789N  85.5824E 1144 1 159 -0.03  -0.02                                 
A155 27.9798N  85.5824E 1157 2 160 -0.05  -0.01                                 
A156 27.9807N  85.5823E 1166 1 161 -0.03   0.01                                 
A157 27.9815N  85.5821E 1164 2 162 -0.03   0.00                                 
A158 27.9825N  85.5819E 1181 1 163 -0.03  -0.01                                 
A159 27.9834N  85.5812E 1195 2 164 -0.02   0.08                                 
A160 27.9845N  85.5810E 1203 1 165  0.01   0.04                                 
A161 27.9852N  85.5805E 1194 2 166 -0.02  -0.01                                 
A162 27.9862N  85.5800E 1215 1 167 -0.03   0.03                                 
A163 27.9872N  85.5792E 1222 2 168 -0.03   0.04                                 
A164 27.9880N  85.5784E 1236 1 169 -0.02   0.06                                 
A165 27.9890N  85.5773E 1263 2 170 -0.01   0.02                                 
A166 27.9898N  85.5758E 1272 1 171 -0.02   0.10                                 
A167 27.9907N  85.5744E 1268 2 172 -0.04   0.07                                 
A168 27.9915N  85.5736E 1258 1 173 -0.01   0.04                                 
A169 27.9924N  85.5725E 1253 2 174 -0.02   0.01                                 
A170 27.9934N  85.5706E 1296 1 175 -0.03   0.06                                 
A171 27.9943N  85.5689E 1301 2 176 -0.04   0.08                                 
A172 27.9952N  85.5680E 1268 1 177  0.01   0.06                                 
A173 27.9961N  85.5680E 1252 2 178  0.01   0.04                                 
A174 27.9969N  85.5678E 1232 1 179 -0.03   0.02                                 
A175 27.9978N  85.5675E 1215 2 180 -0.03   0.00                                 
A176 27.9986N  85.5675E 1207 1 181 -0.01   0.04                                 
A177 27.9994N  85.5671E 1208 2 182  0.03   0.11                                 
A178 28.0008N  85.5666E 1173 1 183  0.05   0.08                                 
A179 28.0015N  85.5671E 1196 2 184 -0.01   0.05                                 
A180 28.0024N  85.5667E 1213 1 185 -0.01   0.02                                 
A181 28.0033N  85.5666E 1237 2 186 -0.03   0.08                                 
AX1  27.9926N  85.5710E 1238 1 187 -0.01   0.04                                 
AX2  27.9926N  85.5701E 1224 2 188 -0.02   0.09                                 
AX3  27.9923N  85.5691E 1186 1 189 -0.04  -0.01                                 
AX4  27.9920N  85.5679E 1155 2 190 -0.01   0.05                                 
AX5  27.9403N  85.5975E  604 1 191 -0.06  -0.17                                 
AX6  27.9408N  85.5980E  601 2 192 -0.06  -0.09                                 
B01  27.8658N  85.5668E -458 1 193  0.05  -0.02                                 
B02  27.8658N  85.5662E -464 2 194  0.04   0.05                                 
B03  27.8659N  85.5657E -468 1 195  0.06   0.12                                 
B04  27.8659N  85.5652E -472 2 196  0.05   0.08                                 
B05  27.8663N  85.5650E -492 1 197  0.05   0.02                                 
B06  27.8666N  85.5641E -495 2 198  0.01   0.07                                 
B07  27.8665N  85.5637E -508 1 199  0.06  -0.01                                 
B08  27.8668N  85.5632E -521 2 200  0.08   0.02                                 
B09  27.8673N  85.5626E -541 1 201  0.08   0.01                                 
B10  27.8658N  85.5623E -577 2 202  0.06  -0.03                                 
B11  27.8670N  85.5616E -583 1 203  0.06  -0.05                                 
B12  27.8675N  85.5613E -594 2 204  0.07  -0.03                                 
B13  27.8686N  85.5606E -633 1 205  0.06  -0.02                                 
B14  27.8681N  85.5599E -640 2 206  0.09   0.03                                 
B15  27.8671N  85.5598E -654 1 207  0.07   0.01                                 
B16  27.8675N  85.5592E -667 2 208  0.06  -0.03                                 
B17  27.8670N  85.5584E -697 1 209  0.05  -0.05                                 
B18  27.8664N  85.5580E -712 2 210  0.05  -0.04                                 
B19  27.8659N  85.5576E -725 1 211  0.06  -0.05                                 
B20  27.8663N  85.5573E -737 2 212  0.05  -0.05                                 
B22  27.8666N  85.5560E -762 1 213  0.06  -0.01                                 
B23  27.8658N  85.5558E -780 2 214  0.05  -0.07                                 
B24  27.8661N  85.5550E -794 1 215  0.08   0.01                                 
B26  27.8659N  85.5540E -809 2 216  0.08  -0.02                                 
B27  27.8666N  85.5535E -820 1 217  0.08   0.01                                 
B28  27.8668N  85.5531E -832 2 218  0.08   0.05                                 
B29  27.8675N  85.5524E -842 1 219  0.08  -0.04                                 
B31  27.8680N  85.5520E -854 2 220  0.07  -0.08                                 
B33  27.8674N  85.5512E -883 1 221  0.09  -0.06                                 
B34  27.8683N  85.5505E -903 2 222  0.08  -0.01                                 
B35  27.8689N  85.5501E -923 1 223  0.07  -0.06                                 
B36  27.8688N  85.5491E -913 2 224  0.10   0.01                                 
B37  27.8686N  85.5485E -910 1 225  0.10  -0.02                                 
B38  27.8681N  85.5483E -925 2 226  0.08  -0.05                                 
B39  27.8681N  85.5470E -926 1 227  0.10   0.03                                 
B41  27.8678N  85.5461E -947 2 228  0.11   0.00                                 
B42  27.8692N  85.5463E -970 1 229  0.07  -0.03                                 
B43  27.8704N  85.5452E -100 2  23 -0.06  -0.19                                 
B46  27.8697N  85.5437E -101 1  23 -0.06  -0.19                                 
B48  27.8684N  85.5425E -101 2  23 -0.06  -0.19                                 
B50  27.8682N  85.5418E -102 1  23 -0.06  -0.19                                 
BX1  27.8644N  85.5577E -723 2 234  0.03  -0.13                                 
BX2  27.8637N  85.5569E -717 1 235  0.06  -0.03                                 
BX3  27.8633N  85.5560E -723 2 236  0.04  -0.07                                 
C01  28.0004N  85.5665E 1170 1 237 -0.03   0.01                                 
C02  27.9993N  85.5661E 1153 2 238 -0.02  -0.09                                 
C03  27.9986N  85.5656E 1122 1 239  0.02   0.04                                 
C04  27.9984N  85.5650E 1111 2 240 -0.02   0.05                                 
C05  27.9980N  85.5645E 1090 1 241  0.00   0.04                                 
C06  27.9983N  85.5640E 1066 2 242 -0.03   0.01                                 
C07  27.9983N  85.5636E 1046 1 243 -0.03   0.02                                 
C08  27.9977N  85.5631E  990 2 244 -0.00   0.03                                 
C09  27.9971N  85.5625E  950 1 245 -0.05  -0.01                                 
C10  27.9973N  85.5620E  919 2 246 -0.03   0.01                                 
C11  27.9976N  85.5616E  904 1 247 -0.02   0.04                                 
C12  27.9976N  85.5610E  874 2 248  0.01   0.03                                 
C13  27.9975N  85.5605E  849 1 249  0.01   0.04                                 
C14  27.9976N  85.5600E  827 2 250  0.02   0.02                                 
C15  27.9975N  85.5594E  799 1 251 -0.01  -0.00                                 
C16  27.9982N  85.5590E  787 2 252  0.03   0.08                                 
C17  27.9979N  85.5584E  769 1 253  0.01   0.11                                 
C18  27.9981N  85.5579E  757 2 254  0.00   0.07                                 
C19  27.9978N  85.5575E  744 1 255  0.03   0.09                                 
C20  27.9978N  85.5570E  723 2 256 -0.00   0.07                                 
C21  27.9978N  85.5565E  705 1 257  0.01   0.06                                 
C22  27.9982N  85.5560E  661 2 258 -0.00   0.09                                 
C23  27.9986N  85.5555E  627 1 259  0.01   0.09                                 
C24  27.9986N  85.5549E  608 2 260 -0.01   0.03                                 
C25  27.9985N  85.5543E  590 1 261  0.02   0.07                                 
C41  28.0006N  85.5547E  546 2 262 -0.03  -0.02                                 
C42  28.0012N  85.5543E  531 1 263 -0.02   0.03                                 
C43  28.0021N  85.5539E  512 2 264 -0.04   0.03                                 
C44  28.0021N  85.5532E  503 1 265  0.02   0.15                                 
C45  28.0019N  85.5528E  501 2 266 -0.00   0.10                                 
C46  28.0020N  85.5525E  483 1 267  0.01   0.05                                 
C47  28.0025N  85.5518E  461 2 268  0.01   0.07                                 
C48  28.0025N  85.5511E  463 1 269  0.03   0.08                                 
C49  28.0022N  85.5506E  449 2 270  0.01   0.08                                 
C50  28.0022N  85.5502E  437 1 271  0.00   0.06                                 
C51  28.0022N  85.5498E  422 2 272  0.01   0.05                                 
C52  28.0014N  85.5492E  384 1 273  0.00  -0.00                                 
C53  28.0017N  85.5487E  369 2 274  0.03   0.05                                 
C54  28.0017N  85.5482E  359 1 275  0.01   0.04                                 
C55  28.0020N  85.5476E  323 2 276  0.01  -0.02                                 
C56  28.0023N  85.5472E  304 1 277  0.01  -0.01                                 
C57  28.0027N  85.5467E  289 2 278  0.01  -0.00                                 
C58  28.0025N  85.5461E  267 1 279  0.02  -0.01                                 
C59  28.0023N  85.5457E  257 2 280  0.02  -0.02                                 
C60  28.0022N  85.5452E  233 1 281  0.03  -0.00                                 
C61  28.0022N  85.5448E  232 2 282  0.02   0.02                                 
C62  28.0020N  85.5442E  206 1 283  0.03   0.02                                 
C63  28.0026N  85.5436E  195 2 284  0.02  -0.02                                 
C64  28.0030N  85.5428E  167 1 285  0.02  -0.02                                 
C65  28.0016N  85.5427E  157 2 286  0.00  -0.03                                 
C67  28.0007N  85.5421E  136 1 287  0.01  -0.01                                 
C68  28.0015N  85.5420E  126 2 288 -0.01  -0.06                                 
C69  28.0021N  85.5418E  117 1 289  0.01  -0.10                                 
C70  28.0028N  85.5415E  110 2 290  0.04  -0.00                                 
C71  28.0033N  85.5402E   36 1 291  0.01  -0.07                                 
C72  28.0045N  85.5392E    1 2 292 -0.00  -0.09                                 
C73  28.0052N  85.5387E   -5 1 293  0.01  -0.09                                 
C74  28.0059N  85.5386E   -9 2 294  0.03  -0.09                                 
C75  28.0065N  85.5383E  -14 1 295  0.02  -0.06                                 
C76  28.0071N  85.5384E  -17 2 296  0.02  -0.07                                 
C77  28.0082N  85.5373E  -36 1 297  0.04  -0.04                                 
C78  28.0083N  85.5353E  -74 2 298  0.02  -0.07                                 
C79  28.0093N  85.5345E  -62 1 299  0.04  -0.08                                 
C80  28.0096N  85.5356E  -81 2 300  0.03  -0.12                                 
C81  28.0103N  85.5359E  -88 1 301  0.02  -0.14                                 
C90  27.9973N  85.5519E  561 2 302  0.05   0.08                                 
C99  27.9984N  85.5660E 1140 1 303  0.00   0.01                                 

