2D01      27.8329   85.5727    0.0000    0.0000       0       0      43      99    0.0000    0.0250   1
2D03      27.8398   85.5273    0.0000    0.0000       0       0    1355    1809    0.0000    0.0253   1
2D04      27.8748   85.5159    0.0000    0.0000       0       0    1742     666    0.0000    0.0242   1
2D05      27.9006   85.5403    0.0000    0.0000       0       0    2752    1964    0.0000    0.0186   1
2D06      27.9566   85.5460    0.0000    0.0000       0       0    1190       1    0.0000    0.0223   1
2D07      27.9318   85.5433    0.0000    0.0000       0       0    5665    3633    0.0000    0.0226   1
2D08      27.9502   85.5083    0.0000    0.0000       0       0    1661    1319    0.0000    0.0244   1
2D09      27.9689   85.5545    0.0000    0.0000       0       0    3381     746    0.0000    0.0208   1
2D10      27.7973   85.5473    0.0000    0.0000       0       0    1035     291    0.0000    0.0257   1
2D11      27.7760   85.5610    0.0000    0.0000       0       0      14       5    0.0000    0.0195   1
2D12      27.8064   85.5146    0.0000    0.0000       0       0    1989    1649    0.0000    0.0250   1
2D13      27.8165   85.4567    0.0000    0.0000       0       0     206      29    0.0000    0.0218   1
2D14      27.9048   85.4792    0.0000    0.0000       0       0     812     502    0.0000    0.0248   1
2D15      27.8245   85.4877    0.0000    0.0000       0       0    2772    2183    0.0000    0.0221   1
2D16      27.8563   85.5921    0.0000    0.0000       0       0     621      55    0.0000    0.0242   1
2D17      27.8246   85.6079    0.0000    0.0000       0       0     514     556    0.0000    0.0263   1
2D18      27.8964   85.6211    0.0000    0.0000       0       0    1211      27    0.0000    0.0207   1
2D19      27.9429   85.6582    0.0000    0.0000       0       0     986     136    0.0000    0.0210   1
2D20      27.8766   85.6725    0.0000    0.0000       0       0    2373    1588    0.0000    0.0183   1
2D21      27.7878   85.6179    0.0000    0.0000       0       0     216     210    0.0000    0.0257   1
2D22      27.9864   85.6619    0.0000    0.0000       0       0     183       3    0.0000    0.0188   1
A000      27.8406   85.5720    0.0000    0.0000       0       0     732     920    0.0000    0.0235   1
A004      27.8435   85.5727    0.0000    0.0000       0       0    4225    3381    0.0000    0.0224   1
A009      27.8480   85.5704    0.0000    0.0000       0       0    2801    2874    0.0000    0.0271   1
A014      27.8524   85.5673    0.0000    0.0000       0       0    2962    2400    0.0000    0.0243   1
A019      27.8569   85.5665    0.0000    0.0000       0       0      32     120    0.0000    0.0201   1
A024      27.8615   85.5671    0.0000    0.0000       0       0      13      85    0.0000    0.0227   1
A029      27.8660   85.5681    0.0000    0.0000       0       0      58      70    0.0000    0.0254   1
A034      27.8704   85.5697    0.0000    0.0000       0       0     155     261    0.0000    0.0242   1
A039      27.8752   85.5701    0.0000    0.0000       0       0    2657    2061    0.0000    0.0235   1
A044      27.8796   85.5693    0.0000    0.0000       0       0    2766    2930    0.0000    0.0236   1
A049      27.8843   85.5676    0.0000    0.0000       0       0    2078    2207    0.0000    0.0233   1
A054      27.8885   85.5716    0.0000    0.0000       0       0    1488     768    0.0000    0.0229   1
A059      27.8930   85.5756    0.0000    0.0000       0       0    1004    1013    0.0000    0.0270   1
A064      27.8976   85.5787    0.0000    0.0000       0       0    4107    2929    0.0000    0.0217   1
A069      27.9019   85.5808    0.0000    0.0000       0       0    3557    3900    0.0000    0.0213   1
A074      27.9065   85.5839    0.0000    0.0000       0       0    2044     683    0.0000    0.0240   1
A079      27.9111   85.5848    0.0000    0.0000       0       0    3539    2419    0.0000    0.0208   1
A084      27.9158   85.5881    0.0000    0.0000       0       0    3238    3206    0.0000    0.0197   1
A089      27.9202   85.5925    0.0000    0.0000       0       0    1030     754    0.0000    0.0260   1
A094      27.9248   85.5966    0.0000    0.0000       0       0    3181    2283    0.0000    0.0233   1
A100      27.9300   85.5988    0.0000    0.0000       0       0    3059    3591    0.0000    0.0232   1
A104      27.9338   85.5989    0.0000    0.0000       0       0      58      45    0.0000    0.0219   1
A109      27.9383   85.5982    0.0000    0.0000       0       0    3176    2283    0.0000    0.0242   1
A113      27.9419   85.5963    0.0000    0.0000       0       0    1740    1222    0.0000    0.0246   1
A114      27.9426   85.5956    0.0000    0.0000       0       0     824     559    0.0000    0.0244   1
A132      27.9592   85.5903    0.0000    0.0000       0       0    1443     485    0.0000    0.0232   1
A134      27.9609   85.5888    0.0000    0.0000       0       0    2811    1001    0.0000    0.0237   1
A139      27.9654   85.5878    0.0000    0.0000       0       0    2359    1017    0.0000    0.0240   1
A144      27.9699   85.5865    0.0000    0.0000       0       0    1271     511    0.0000    0.0231   1
A149      27.9745   85.5833    0.0000    0.0000       0       0    1674     451    0.0000    0.0237   1
A154      27.9789   85.5824    0.0000    0.0000       0       0    2859    1278    0.0000    0.0221   1
A159      27.9834   85.5812    0.0000    0.0000       0       0    2744    1029    0.0000    0.0220   1
A164      27.9880   85.5784    0.0000    0.0000       0       0    2419    1265    0.0000    0.0228   1
A169      27.9924   85.5725    0.0000    0.0000       0       0    2203     910    0.0000    0.0208   1
A174      27.9969   85.5678    0.0000    0.0000       0       0     512     295    0.0000    0.0249   1
A179      28.0015   85.5671    0.0000    0.0000       0       0     278     165    0.0000    0.0244   1
A181      28.0033   85.5666    0.0000    0.0000       0       0     581     337    0.0000    0.0227   1
AX4       27.9920   85.5679    0.0000    0.0000       0       0     466     247    0.0000    0.0223   1
AX6       27.9408   85.5980    0.0000    0.0000       0       0    3855    2432    0.0000    0.0228   1
B03       27.8659   85.5657    0.0000    0.0000       0       0      24      65    0.0000    0.0247   1
B09       27.8673   85.5626    0.0000    0.0000       0       0    1576    1969    0.0000    0.0235   1
B13       27.8686   85.5606    0.0000    0.0000       0       0     509     828    0.0000    0.0264   1
B19       27.8659   85.5576    0.0000    0.0000       0       0      63     187    0.0000    0.0269   1
B23       27.8658   85.5558    0.0000    0.0000       0       0     275     659    0.0000    0.0231   1
B28       27.8668   85.5531    0.0000    0.0000       0       0      97     172    0.0000    0.0255   1
B35       27.8689   85.5501    0.0000    0.0000       0       0    1687    2458    0.0000    0.0227   1
B39       27.8681   85.5471    0.0000    0.0000       0       0      78     303    0.0000    0.0246   1
B48       27.8684   85.5425    0.0000    0.0000       0       0     159     130    0.0000    0.0226   1
B50       27.8682   85.5418    0.0000    0.0000       0       0     304     273    0.0000    0.0244   1
C05       27.9980   85.5645    0.0000    0.0000       0       0     185     100    0.0000    0.0242   1
C10       27.9973   85.5620    0.0000    0.0000       0       0     273     269    0.0000    0.0276   1
C15       27.9975   85.5594    0.0000    0.0000       0       0     773     402    0.0000    0.0228   1
C21       27.9978   85.5565    0.0000    0.0000       0       0     268     339    0.0000    0.0283   1
C25       27.9985   85.5544    0.0000    0.0000       0       0     202     147    0.0000    0.0240   1
C90       27.9973   85.5519    0.0000    0.0000       0       0      55      28    0.0000    0.0249   1
C56       28.0023   85.5472    0.0000    0.0000       0       0    1919     262    0.0000    0.0222   1
C62       28.0020   85.5442    0.0000    0.0000       0       0     120      45    0.0000    0.0252   1
C69       28.0021   85.5417    0.0000    0.0000       0       0     294      18    0.0000    0.0215   1
C72       28.0045   85.5392    0.0000    0.0000       0       0      99       0    0.0000    0.0277   1
C77       28.0082   85.5373    0.0000    0.0000       0       0      66       0    0.0000    0.0213   1
