==========================================
SLURM_JOB_ID = 5252216
SLURM_JOB_NODELIST = b10-02
TMPDIR = /tmp/SLURM_5252216
==========================================
Running in SLURM task mode.
Task ID: 40
Picker:  QMigrate
Date:    20230421
Output will be saved in: /project2/okaya_201/LOC-FLOW/ConvertFiles/RecordSectionPicks
DEBUG Memory (Initial): 73.27 MB

--- Processing Picker: QMigrate for Date: 20230421 ---
DEBUG Memory (Start of day 20230421): 73.53 MB
    Processing event 313 at 2023-04-21T07:51:29.219999
DEBUG Memory (After event 313): 5654.75 MB
    Processing event 314 at 2023-04-21T14:19:56.450000
DEBUG Memory (After event 314): 5698.18 MB
    Processing event 316 at 2023-04-21T15:10:10.939999
DEBUG Memory (After event 316): 5698.05 MB
    Processing event 317 at 2023-04-21T16:09:41.960000
DEBUG Memory (After event 317): 5681.72 MB
    Processing event 318 at 2023-04-21T16:36:50.429999
DEBUG Memory (After event 318): 5696.25 MB
    Processing event 319 at 2023-04-21T18:39:33.960000
DEBUG Memory (After event 319): 5791.61 MB
    Processing event 320 at 2023-04-21T19:13:38.799999
DEBUG Memory (After event 320): 5814.96 MB
    Processing event 321 at 2023-04-21T19:18:16
DEBUG Memory (After event 321): 5815.00 MB
    Processing event 322 at 2023-04-21T19:46:55.100000
DEBUG Memory (After event 322): 5810.41 MB
    Processing event 323 at 2023-04-21T20:34:28.399999
DEBUG Memory (After event 323): 5814.01 MB
    Processing event 324 at 2023-04-21T20:36:25.359999
DEBUG Memory (After event 324): 5814.21 MB
    Processing event 325 at 2023-04-21T20:37:55.320000
DEBUG Memory (After event 325): 5812.13 MB
    Processing event 326 at 2023-04-21T20:39:31.719999
DEBUG Memory (After event 326): 5812.07 MB
    Processing event 327 at 2023-04-21T20:40:39
DEBUG Memory (After event 327): 5811.41 MB
    Processing event 328 at 2023-04-21T21:42:52.899999
DEBUG Memory (After event 328): 5811.38 MB
    Processing event 329 at 2023-04-21T21:50:33.219999
DEBUG Memory (After event 329): 5811.38 MB
    Processing event 330 at 2023-04-21T22:29:45.299999
DEBUG Memory (After event 330): 5811.38 MB
    Processing event 332 at 2023-04-21T23:11:39.799999
DEBUG Memory (After event 332): 5811.00 MB
DEBUG Memory (End of day 20230421): 5811.00 MB

Done.
Task 40 finished.
