==========================================
SLURM_JOB_ID = 5252210
SLURM_JOB_NODELIST = b05-05
TMPDIR = /tmp/SLURM_5252210
==========================================
Running in SLURM task mode.
Task ID: 34
Picker:  QMigrate
Date:    20230415
Output will be saved in: /project2/okaya_201/LOC-FLOW/ConvertFiles/RecordSectionPicks
DEBUG Memory (Initial): 74.28 MB

--- Processing Picker: QMigrate for Date: 20230415 ---
DEBUG Memory (Start of day 20230415): 74.54 MB
    Processing event 141 at 2023-04-15T00:48:04.379999
DEBUG Memory (After event 141): 5663.21 MB
    Processing event 142 at 2023-04-15T01:10:02.240000
DEBUG Memory (After event 142): 5707.73 MB
    Processing event 143 at 2023-04-15T01:13:04.660000
DEBUG Memory (After event 143): 5729.77 MB
    Processing event 144 at 2023-04-15T01:41:10.419999
DEBUG Memory (After event 144): 5729.41 MB
    Processing event 145 at 2023-04-15T09:46:08.320000
DEBUG Memory (After event 145): 5729.58 MB
    Processing event 146 at 2023-04-15T09:48:34.350000
DEBUG Memory (After event 146): 5729.47 MB
    Processing event 147 at 2023-04-15T13:48:50.329999
DEBUG Memory (After event 147): 5729.14 MB
    Processing event 148 at 2023-04-15T15:11:10.830000
DEBUG Memory (After event 148): 5729.24 MB
    Processing event 149 at 2023-04-15T15:14:07.580000
DEBUG Memory (After event 149): 5729.42 MB
    Processing event 150 at 2023-04-15T17:17:39.840000
DEBUG Memory (After event 150): 5729.49 MB
    Processing event 152 at 2023-04-15T18:51:42.719999
DEBUG Memory (After event 152): 5729.40 MB
    Processing event 153 at 2023-04-15T18:52:24.640000
DEBUG Memory (After event 153): 5792.69 MB
    Processing event 154 at 2023-04-15T18:53:22.620000
DEBUG Memory (After event 154): 5825.61 MB
    Processing event 155 at 2023-04-15T19:13:47.320000
DEBUG Memory (After event 155): 5826.21 MB
    Processing event 157 at 2023-04-15T19:34:39.880000
DEBUG Memory (After event 157): 5826.14 MB
    Processing event 158 at 2023-04-15T19:45:45.960000
DEBUG Memory (After event 158): 5826.23 MB
    Processing event 159 at 2023-04-15T19:58:46.479999
DEBUG Memory (After event 159): 5826.15 MB
    Processing event 160 at 2023-04-15T20:04:21.280000
DEBUG Memory (After event 160): 5826.15 MB
    Processing event 161 at 2023-04-15T20:09:37.079999
DEBUG Memory (After event 161): 5826.12 MB
    Processing event 162 at 2023-04-15T20:10:52.799999
DEBUG Memory (After event 162): 5826.20 MB
    Processing event 163 at 2023-04-15T20:39:41.079999
DEBUG Memory (After event 163): 5826.16 MB
    Processing event 164 at 2023-04-15T21:16:39.479999
DEBUG Memory (After event 164): 5826.19 MB
    Processing event 166 at 2023-04-15T22:48:02.259999
DEBUG Memory (After event 166): 5826.14 MB
    Processing event 167 at 2023-04-15T23:22:01.159999
DEBUG Memory (After event 167): 5826.23 MB
DEBUG Memory (End of day 20230415): 5826.23 MB

Done.
Task 34 finished.
