starting hypoDD (v1.3 - 11/2010)...          Wed Dec 10 18:20:02 2025
Input parameters: (from hypoDD.inp)
  cross dtime file:  
  catalog dtime file: dt.ct
  station file: station.dat
  event file: event.sel
  initial locations: hypoDD.loc
  relocated events: hypoDD.reloc
  event pair file: hypoDD.res
  station residual file: hypoDD.sta
  source parameter file: hypoDD.src
  IDATA=  2  IPHASE=  3  MAXDIST=  120.
  MINOBS_CC=   0  MINOBS_CT=   8
  ISTART= 2  ISOLV= 2
  ITER  1- 4: DAMP=  70.0
    WT_CCP= -9.0000  WT_CCS= -9.0000  MAXR_CC= -9.0000  MAXD_CC=   -9.00
    WT_CTP=  1.0000  WT_CTS=  1.0000  MAXR_CT=  8.0000  MAXD_CT=   -9.00
  ITER  5- 8: DAMP=  70.0
    WT_CCP= -9.0000  WT_CCS= -9.0000  MAXR_CC= -9.0000  MAXD_CC=   -9.00
    WT_CTP=  1.0000  WT_CTS=  1.0000  MAXR_CT=  6.0000  MAXD_CT=    4.00
  ITER  9-12: DAMP=  70.0
    WT_CCP= -9.0000  WT_CCS= -9.0000  MAXR_CC= -9.0000  MAXD_CC=   -9.00
    WT_CTP=  1.0000  WT_CTS=  0.8000  MAXR_CT=  4.0000  MAXD_CT=    2.00
  ITER 13-16: DAMP=  70.0
    WT_CCP= -9.0000  WT_CCS= -9.0000  MAXR_CC= -9.0000  MAXD_CC=   -9.00
    WT_CTP=  1.0000  WT_CTS=  0.8000  MAXR_CT=  3.0000  MAXD_CT=    2.00
  MOD_NL= 12  MOD_RATIO= 1.82
    MOD_TOP    MOD_V
      0.000    5.300
      1.000    5.650
      3.000    5.930
      5.000    6.200
      7.000    6.200
      9.000    6.200
     11.000    6.200
     13.000    6.200
     17.000    6.200
     21.000    6.200
     31.000    7.500
     31.100    8.110
 Relocate all clusters
 Relocate all events

~ Reading data ...   Wed Dec 10 18:20:02 2025 
# stations total =     81
# stations < maxdist =     81
# catalog P dtimes =       0
# catalog S dtimes =       0
# dtimes total =        0
