2D03      27.8398   85.5273    0.0000    0.0000       0       0      42      53    0.0000    0.0252   1
2D04      27.8748   85.5159    0.0000    0.0000       0       0     422     295    0.0000    0.0228   1
2D05      27.9006   85.5403    0.0000    0.0000       0       0     646     510    0.0000    0.0211   1
2D06      27.9566   85.5460    0.0000    0.0000       0       0     530     537    0.0000    0.0235   1
2D07      27.9318   85.5433    0.0000    0.0000       0       0    1415    1389    0.0000    0.0238   1
2D08      27.9502   85.5083    0.0000    0.0000       0       0     298     242    0.0000    0.0220   1
2D09      27.9689   85.5545    0.0000    0.0000       0       0     569     269    0.0000    0.0221   1
2D10      27.7973   85.5473    0.0000    0.0000       0       0      13       7    0.0000    0.0218   1
2D12      27.8064   85.5146    0.0000    0.0000       0       0       9      12    0.0000    0.0324   1
2D13      27.8165   85.4567    0.0000    0.0000       0       0       3       2    0.0000    0.0070   1
2D14      27.9048   85.4792    0.0000    0.0000       0       0     139      67    0.0000    0.0279   1
2D15      27.8245   85.4877    0.0000    0.0000       0       0     242     197    0.0000    0.0201   1
2D16      27.8563   85.5921    0.0000    0.0000       0       0      74      76    0.0000    0.0247   1
2D17      27.8246   85.6079    0.0000    0.0000       0       0      49      64    0.0000    0.0215   1
2D18      27.8964   85.6211    0.0000    0.0000       0       0     134     108    0.0000    0.0242   1
2D19      27.9429   85.6582    0.0000    0.0000       0       0     144     127    0.0000    0.0235   1
2D20      27.8766   85.6725    0.0000    0.0000       0       0     163     165    0.0000    0.0200   1
2D21      27.7878   85.6179    0.0000    0.0000       0       0      46      29    0.0000    0.0228   1
2D22      27.9864   85.6619    0.0000    0.0000       0       0      57      40    0.0000    0.0251   1
A000      27.8406   85.5720    0.0000    0.0000       0       0       3       5    0.0000    0.0224   1
A001      27.8410   85.5721    0.0000    0.0000       0       0      35      44    0.0000    0.0228   1
A002      27.8416   85.5720    0.0000    0.0000       0       0      12      26    0.0000    0.0273   1
A003      27.8424   85.5721    0.0000    0.0000       0       0      38      48    0.0000    0.0262   1
A004      27.8435   85.5727    0.0000    0.0000       0       0     112     154    0.0000    0.0242   1
A005      27.8443   85.5726    0.0000    0.0000       0       0      86     108    0.0000    0.0270   1
A006      27.8447   85.5724    0.0000    0.0000       0       0      34      81    0.0000    0.0249   1
A007      27.8461   85.5716    0.0000    0.0000       0       0      40      60    0.0000    0.0250   1
A008      27.8472   85.5709    0.0000    0.0000       0       0      77     101    0.0000    0.0276   1
A009      27.8480   85.5704    0.0000    0.0000       0       0      56      75    0.0000    0.0273   1
A010      27.8486   85.5695    0.0000    0.0000       0       0     134     179    0.0000    0.0244   1
A011      27.8498   85.5688    0.0000    0.0000       0       0      27      27    0.0000    0.0227   1
A012      27.8508   85.5684    0.0000    0.0000       0       0       9      31    0.0000    0.0294   1
A013      27.8515   85.5681    0.0000    0.0000       0       0      19      53    0.0000    0.0333   1
A014      27.8524   85.5673    0.0000    0.0000       0       0      98      90    0.0000    0.0262   1
A015      27.8532   85.5671    0.0000    0.0000       0       0      51      63    0.0000    0.0266   1
A016      27.8540   85.5665    0.0000    0.0000       0       0      13       4    0.0000    0.0294   1
A020      27.8581   85.5669    0.0000    0.0000       0       0       0       2    0.0000    0.0542   1
A021      27.8589   85.5662    0.0000    0.0000       0       0       0       1    0.0000    0.0164   1
A023      27.8610   85.5666    0.0000    0.0000       0       0       1       3    0.0000    0.0180   1
A028      27.8648   85.5675    0.0000    0.0000       0       0       0       6    0.0000    0.0239   1
A031      27.8677   85.5687    0.0000    0.0000       0       0       1       2    0.0000    0.0214   1
A034      27.8704   85.5697    0.0000    0.0000       0       0       0       1    0.0000    0.0526   1
A035      27.8717   85.5704    0.0000    0.0000       0       0       0      14    0.0000    0.0238   1
A036      27.8727   85.5703    0.0000    0.0000       0       0       3      10    0.0000    0.0297   1
A037      27.8731   85.5704    0.0000    0.0000       0       0       5      16    0.0000    0.0288   1
A038      27.8742   85.5703    0.0000    0.0000       0       0       1      10    0.0000    0.0300   1
A039      27.8752   85.5701    0.0000    0.0000       0       0     174     121    0.0000    0.0246   1
A040      27.8760   85.5697    0.0000    0.0000       0       0     197     213    0.0000    0.0253   1
A041      27.8769   85.5690    0.0000    0.0000       0       0     246     208    0.0000    0.0251   1
A042      27.8778   85.5693    0.0000    0.0000       0       0     395     335    0.0000    0.0227   1
A043      27.8788   85.5699    0.0000    0.0000       0       0     411     429    0.0000    0.0254   1
A044      27.8796   85.5693    0.0000    0.0000       0       0     192     288    0.0000    0.0251   1
A045      27.8804   85.5693    0.0000    0.0000       0       0     551     592    0.0000    0.0241   1
A046      27.8815   85.5695    0.0000    0.0000       0       0      16      62    0.0000    0.0194   1
A047      27.8825   85.5680    0.0000    0.0000       0       0       0       9    0.0000    0.0152   1
A048      27.8833   85.5675    0.0000    0.0000       0       0      92     142    0.0000    0.0225   1
A049      27.8843   85.5676    0.0000    0.0000       0       0     226     316    0.0000    0.0236   1
A050      27.8851   85.5682    0.0000    0.0000       0       0     366     530    0.0000    0.0230   1
A051      27.8858   85.5696    0.0000    0.0000       0       0     430     468    0.0000    0.0240   1
A052      27.8867   85.5709    0.0000    0.0000       0       0     320     422    0.0000    0.0214   1
A053      27.8877   85.5714    0.0000    0.0000       0       0     312     277    0.0000    0.0237   1
A054      27.8885   85.5716    0.0000    0.0000       0       0     138     112    0.0000    0.0185   1
A056      27.8900   85.5741    0.0000    0.0000       0       0      55     129    0.0000    0.0231   1
A057      27.8908   85.5739    0.0000    0.0000       0       0     197     170    0.0000    0.0250   1
A058      27.8918   85.5741    0.0000    0.0000       0       0      64      76    0.0000    0.0223   1
A059      27.8930   85.5756    0.0000    0.0000       0       0     140     146    0.0000    0.0271   1
A060      27.8943   85.5762    0.0000    0.0000       0       0     155     162    0.0000    0.0272   1
A061      27.8949   85.5764    0.0000    0.0000       0       0     382     269    0.0000    0.0223   1
A062      27.8959   85.5766    0.0000    0.0000       0       0     486     325    0.0000    0.0216   1
A063      27.8968   85.5777    0.0000    0.0000       0       0     381     501    0.0000    0.0225   1
A064      27.8976   85.5787    0.0000    0.0000       0       0     670     671    0.0000    0.0215   1
A065      27.8985   85.5791    0.0000    0.0000       0       0     747     548    0.0000    0.0226   1
A066      27.8993   85.5792    0.0000    0.0000       0       0     460     574    0.0000    0.0201   1
A067      27.9001   85.5793    0.0000    0.0000       0       0     729     807    0.0000    0.0211   1
A068      27.9011   85.5802    0.0000    0.0000       0       0     339     384    0.0000    0.0246   1
A069      27.9019   85.5808    0.0000    0.0000       0       0     509     755    0.0000    0.0213   1
A070      27.9031   85.5819    0.0000    0.0000       0       0     384     428    0.0000    0.0204   1
A071      27.9040   85.5826    0.0000    0.0000       0       0      17      15    0.0000    0.0261   1
A072      27.9050   85.5840    0.0000    0.0000       0       0      53      37    0.0000    0.0206   1
A073      27.9057   85.5843    0.0000    0.0000       0       0      98      89    0.0000    0.0160   1
A074      27.9065   85.5839    0.0000    0.0000       0       0     185      78    0.0000    0.0262   1
A075      27.9077   85.5833    0.0000    0.0000       0       0     129     118    0.0000    0.0250   1
A076      27.9086   85.5829    0.0000    0.0000       0       0     501     283    0.0000    0.0204   1
A077      27.9093   85.5838    0.0000    0.0000       0       0     348     193    0.0000    0.0222   1
A078      27.9102   85.5843    0.0000    0.0000       0       0     433     386    0.0000    0.0220   1
A079      27.9111   85.5848    0.0000    0.0000       0       0     383     405    0.0000    0.0226   1
A080      27.9119   85.5852    0.0000    0.0000       0       0     393     454    0.0000    0.0231   1
A081      27.9131   85.5858    0.0000    0.0000       0       0     180     179    0.0000    0.0208   1
A082      27.9139   85.5869    0.0000    0.0000       0       0     220     104    0.0000    0.0219   1
A083      27.9147   85.5874    0.0000    0.0000       0       0     127      29    0.0000    0.0222   1
A084      27.9158   85.5881    0.0000    0.0000       0       0     310     266    0.0000    0.0198   1
A085      27.9166   85.5887    0.0000    0.0000       0       0      50      19    0.0000    0.0233   1
A086      27.9175   85.5892    0.0000    0.0000       0       0     249     199    0.0000    0.0243   1
A087      27.9181   85.5904    0.0000    0.0000       0       0      96      45    0.0000    0.0227   1
A088      27.9189   85.5909    0.0000    0.0000       0       0     244     104    0.0000    0.0214   1
A089      27.9202   85.5925    0.0000    0.0000       0       0      59      38    0.0000    0.0270   1
A090      27.9210   85.5925    0.0000    0.0000       0       0      85      76    0.0000    0.0238   1
A091      27.9222   85.5930    0.0000    0.0000       0       0      59      29    0.0000    0.0245   1
A092      27.9231   85.5939    0.0000    0.0000       0       0     152      75    0.0000    0.0218   1
A093      27.9239   85.5955    0.0000    0.0000       0       0     138     100    0.0000    0.0235   1
A094      27.9248   85.5966    0.0000    0.0000       0       0     231     142    0.0000    0.0227   1
A095      27.9257   85.5979    0.0000    0.0000       0       0     445     252    0.0000    0.0241   1
A096      27.9264   85.5981    0.0000    0.0000       0       0     475     259    0.0000    0.0223   1
A097      27.9274   85.5985    0.0000    0.0000       0       0     183      90    0.0000    0.0244   1
A098      27.9282   85.5986    0.0000    0.0000       0       0     491     292    0.0000    0.0231   1
A099      27.9291   85.5987    0.0000    0.0000       0       0     397     314    0.0000    0.0243   1
A100      27.9300   85.5988    0.0000    0.0000       0       0     241     240    0.0000    0.0232   1
A101      27.9309   85.5988    0.0000    0.0000       0       0     138     119    0.0000    0.0210   1
A102      27.9318   85.5986    0.0000    0.0000       0       0      58      43    0.0000    0.0205   1
A103      27.9329   85.5991    0.0000    0.0000       0       0      13      12    0.0000    0.0177   1
A104      27.9338   85.5989    0.0000    0.0000       0       0       2       2    0.0000    0.0093   1
A105      27.9346   85.5993    0.0000    0.0000       0       0      40      32    0.0000    0.0221   1
A106      27.9356   85.5996    0.0000    0.0000       0       0     124     113    0.0000    0.0234   1
A107      27.9366   85.5992    0.0000    0.0000       0       0     264     216    0.0000    0.0225   1
A108      27.9375   85.5988    0.0000    0.0000       0       0     170      76    0.0000    0.0233   1
A109      27.9383   85.5982    0.0000    0.0000       0       0     181     128    0.0000    0.0243   1
A110      27.9393   85.5976    0.0000    0.0000       0       0     190     117    0.0000    0.0206   1
A111      27.9398   85.5973    0.0000    0.0000       0       0     202     150    0.0000    0.0228   1
A112      27.9411   85.5967    0.0000    0.0000       0       0      95      21    0.0000    0.0205   1
A113      27.9419   85.5963    0.0000    0.0000       0       0      54      32    0.0000    0.0252   1
A114      27.9426   85.5956    0.0000    0.0000       0       0      19      17    0.0000    0.0318   1
A115      27.9436   85.5968    0.0000    0.0000       0       0      17       7    0.0000    0.0122   1
A132      27.9592   85.5903    0.0000    0.0000       0       0      47      19    0.0000    0.0269   1
A133      27.9600   85.5892    0.0000    0.0000       0       0     139      63    0.0000    0.0225   1
A134      27.9609   85.5888    0.0000    0.0000       0       0     145      73    0.0000    0.0248   1
A135      27.9618   85.5884    0.0000    0.0000       0       0     129      23    0.0000    0.0217   1
A136      27.9625   85.5881    0.0000    0.0000       0       0     169      39    0.0000    0.0235   1
A137      27.9635   85.5881    0.0000    0.0000       0       0      19      16    0.0000    0.0295   1
A138      27.9644   85.5880    0.0000    0.0000       0       0      15       3    0.0000    0.0290   1
A139      27.9654   85.5878    0.0000    0.0000       0       0     139      79    0.0000    0.0228   1
A140      27.9661   85.5876    0.0000    0.0000       0       0      39      32    0.0000    0.0268   1
A141      27.9672   85.5873    0.0000    0.0000       0       0     117      89    0.0000    0.0248   1
A142      27.9680   85.5868    0.0000    0.0000       0       0      64      62    0.0000    0.0244   1
A143      27.9689   85.5868    0.0000    0.0000       0       0      35      39    0.0000    0.0187   1
A144      27.9699   85.5865    0.0000    0.0000       0       0      35      28    0.0000    0.0275   1
A145      27.9710   85.5864    0.0000    0.0000       0       0      49      67    0.0000    0.0236   1
A146      27.9717   85.5861    0.0000    0.0000       0       0      62      52    0.0000    0.0266   1
A147      27.9727   85.5856    0.0000    0.0000       0       0     176      64    0.0000    0.0253   1
A148      27.9735   85.5848    0.0000    0.0000       0       0      13      17    0.0000    0.0211   1
A149      27.9745   85.5833    0.0000    0.0000       0       0      20       6    0.0000    0.0232   1
A150      27.9753   85.5824    0.0000    0.0000       0       0      85      55    0.0000    0.0231   1
A151      27.9762   85.5826    0.0000    0.0000       0       0      56      27    0.0000    0.0205   1
A152      27.9770   85.5824    0.0000    0.0000       0       0     104      69    0.0000    0.0240   1
A153      27.9780   85.5826    0.0000    0.0000       0       0      84      66    0.0000    0.0250   1
A154      27.9789   85.5824    0.0000    0.0000       0       0     140      97    0.0000    0.0245   1
A155      27.9798   85.5824    0.0000    0.0000       0       0     252     194    0.0000    0.0231   1
A156      27.9807   85.5823    0.0000    0.0000       0       0     116     115    0.0000    0.0244   1
A157      27.9815   85.5821    0.0000    0.0000       0       0     111      76    0.0000    0.0228   1
A158      27.9825   85.5819    0.0000    0.0000       0       0      46       9    0.0000    0.0199   1
A159      27.9834   85.5812    0.0000    0.0000       0       0      32      17    0.0000    0.0238   1
A160      27.9845   85.5810    0.0000    0.0000       0       0      39      37    0.0000    0.0250   1
A161      27.9852   85.5805    0.0000    0.0000       0       0     163     110    0.0000    0.0246   1
A162      27.9862   85.5800    0.0000    0.0000       0       0     145      68    0.0000    0.0242   1
A163      27.9872   85.5792    0.0000    0.0000       0       0      87      40    0.0000    0.0252   1
A164      27.9880   85.5784    0.0000    0.0000       0       0      58      50    0.0000    0.0250   1
A165      27.9890   85.5773    0.0000    0.0000       0       0     100      48    0.0000    0.0221   1
A166      27.9898   85.5758    0.0000    0.0000       0       0      11       4    0.0000    0.0319   1
A167      27.9907   85.5744    0.0000    0.0000       0       0      21      13    0.0000    0.0263   1
A168      27.9915   85.5736    0.0000    0.0000       0       0      55      23    0.0000    0.0288   1
A169      27.9924   85.5725    0.0000    0.0000       0       0      56      39    0.0000    0.0230   1
A170      27.9934   85.5706    0.0000    0.0000       0       0      26      17    0.0000    0.0326   1
A171      27.9943   85.5689    0.0000    0.0000       0       0      34      24    0.0000    0.0230   1
A172      27.9952   85.5680    0.0000    0.0000       0       0       4       3    0.0000    0.0293   1
A173      27.9961   85.5680    0.0000    0.0000       0       0       1       3    0.0000    0.0078   1
A174      27.9969   85.5678    0.0000    0.0000       0       0       2       3    0.0000    0.0390   1
A175      27.9978   85.5675    0.0000    0.0000       0       0      16      30    0.0000    0.0258   1
A176      27.9986   85.5675    0.0000    0.0000       0       0      11      20    0.0000    0.0265   1
A180      28.0024   85.5667    0.0000    0.0000       0       0       1       2    0.0000    0.0109   1
AX1       27.9926   85.5710    0.0000    0.0000       0       0      14      59    0.0000    0.0279   1
AX2       27.9926   85.5701    0.0000    0.0000       0       0       1       1    0.0000    0.0292   1
AX3       27.9923   85.5691    0.0000    0.0000       0       0      45      33    0.0000    0.0267   1
AX4       27.9920   85.5679    0.0000    0.0000       0       0       7       5    0.0000    0.0232   1
AX5       27.9403   85.5975    0.0000    0.0000       0       0     308     220    0.0000    0.0215   1
AX6       27.9408   85.5980    0.0000    0.0000       0       0     221     149    0.0000    0.0231   1
B04       27.8659   85.5652    0.0000    0.0000       0       0       0       1    0.0000    0.0149   1
B05       27.8663   85.5650    0.0000    0.0000       0       0       0       1    0.0000    0.0438   1
B06       27.8666   85.5641    0.0000    0.0000       0       0       3       6    0.0000    0.0205   1
B07       27.8665   85.5637    0.0000    0.0000       0       0       4       9    0.0000    0.0306   1
B08       27.8668   85.5632    0.0000    0.0000       0       0       0      18    0.0000    0.0239   1
B09       27.8673   85.5626    0.0000    0.0000       0       0      11      29    0.0000    0.0240   1
B10       27.8658   85.5623    0.0000    0.0000       0       0       8      48    0.0000    0.0280   1
B11       27.8670   85.5616    0.0000    0.0000       0       0       1       3    0.0000    0.0312   1
B12       27.8675   85.5613    0.0000    0.0000       0       0       0       2    0.0000    0.0128   1
B13       27.8686   85.5606    0.0000    0.0000       0       0       6       8    0.0000    0.0290   1
B18       27.8664   85.5580    0.0000    0.0000       0       0       2       3    0.0000    0.0242   1
B20       27.8663   85.5573    0.0000    0.0000       0       0       2       0    0.0000    0.0267   1
B22       27.8666   85.5560    0.0000    0.0000       0       0       4       6    0.0000    0.0349   1
B23       27.8658   85.5558    0.0000    0.0000       0       0       0       6    0.0000    0.0261   1
B26       27.8659   85.5540    0.0000    0.0000       0       0       1      18    0.0000    0.0273   1
B27       27.8666   85.5535    0.0000    0.0000       0       0       1       0    0.0000    0.0078   1
B28       27.8668   85.5531    0.0000    0.0000       0       0       0       3    0.0000    0.0079   1
B29       27.8675   85.5524    0.0000    0.0000       0       0      22      79    0.0000    0.0197   1
B31       27.8680   85.5520    0.0000    0.0000       0       0     322     520    0.0000    0.0225   1
B33       27.8674   85.5512    0.0000    0.0000       0       0     279     546    0.0000    0.0213   1
B34       27.8683   85.5505    0.0000    0.0000       0       0     579     739    0.0000    0.0239   1
B35       27.8689   85.5501    0.0000    0.0000       0       0     141     308    0.0000    0.0203   1
B36       27.8688   85.5491    0.0000    0.0000       0       0       2       5    0.0000    0.0211   1
B37       27.8686   85.5485    0.0000    0.0000       0       0     154     270    0.0000    0.0212   1
B38       27.8681   85.5483    0.0000    0.0000       0       0     681     852    0.0000    0.0231   1
B39       27.8681   85.5471    0.0000    0.0000       0       0       9      31    0.0000    0.0187   1
B41       27.8678   85.5461    0.0000    0.0000       0       0     180     331    0.0000    0.0230   1
B42       27.8692   85.5463    0.0000    0.0000       0       0     222     414    0.0000    0.0241   1
B43       27.8704   85.5452    0.0000    0.0000       0       0      16      33    0.0000    0.0217   1
B46       27.8697   85.5437    0.0000    0.0000       0       0      13      31    0.0000    0.0209   1
B48       27.8684   85.5425    0.0000    0.0000       0       0      19      15    0.0000    0.0231   1
B50       27.8682   85.5418    0.0000    0.0000       0       0      48      47    0.0000    0.0242   1
BX1       27.8644   85.5577    0.0000    0.0000       0       0      68     174    0.0000    0.0229   1
BX2       27.8637   85.5569    0.0000    0.0000       0       0       0       6    0.0000    0.0356   1
BX3       27.8633   85.5560    0.0000    0.0000       0       0     119     136    0.0000    0.0229   1
C01       28.0004   85.5665    0.0000    0.0000       0       0       0       1    0.0000    0.0553   1
C02       27.9993   85.5661    0.0000    0.0000       0       0      12       9    0.0000    0.0258   1
C03       27.9986   85.5656    0.0000    0.0000       0       0       2      30    0.0000    0.0293   1
C06       27.9983   85.5640    0.0000    0.0000       0       0      60      65    0.0000    0.0229   1
C07       27.9983   85.5636    0.0000    0.0000       0       0      28      37    0.0000    0.0280   1
C09       27.9971   85.5625    0.0000    0.0000       0       0      12      14    0.0000    0.0254   1
C10       27.9973   85.5620    0.0000    0.0000       0       0       3       2    0.0000    0.0074   1
C11       27.9976   85.5616    0.0000    0.0000       0       0       1       4    0.0000    0.0196   1
C12       27.9976   85.5610    0.0000    0.0000       0       0       9      11    0.0000    0.0255   1
C13       27.9975   85.5605    0.0000    0.0000       0       0       1       1    0.0000    0.0368   1
C14       27.9976   85.5600    0.0000    0.0000       0       0       3       5    0.0000    0.0239   1
C15       27.9975   85.5594    0.0000    0.0000       0       0      10      14    0.0000    0.0240   1
C16       27.9982   85.5590    0.0000    0.0000       0       0       4       5    0.0000    0.0351   1
C17       27.9979   85.5584    0.0000    0.0000       0       0      24      30    0.0000    0.0268   1
C18       27.9981   85.5579    0.0000    0.0000       0       0      29      39    0.0000    0.0244   1
C19       27.9978   85.5574    0.0000    0.0000       0       0       8      32    0.0000    0.0268   1
C20       27.9978   85.5570    0.0000    0.0000       0       0      26      34    0.0000    0.0269   1
C21       27.9978   85.5565    0.0000    0.0000       0       0       5      18    0.0000    0.0268   1
C22       27.9982   85.5560    0.0000    0.0000       0       0      16      10    0.0000    0.0201   1
C23       27.9986   85.5555    0.0000    0.0000       0       0      11      16    0.0000    0.0235   1
C24       27.9986   85.5549    0.0000    0.0000       0       0      20       7    0.0000    0.0272   1
C25       27.9985   85.5544    0.0000    0.0000       0       0       2       3    0.0000    0.0163   1
C41       28.0006   85.5547    0.0000    0.0000       0       0      20      16    0.0000    0.0285   1
C42       28.0012   85.5543    0.0000    0.0000       0       0      86      49    0.0000    0.0222   1
C43       28.0021   85.5539    0.0000    0.0000       0       0      96      58    0.0000    0.0247   1
C47       28.0025   85.5518    0.0000    0.0000       0       0      69      78    0.0000    0.0262   1
C48       28.0025   85.5511    0.0000    0.0000       0       0      31      15    0.0000    0.0215   1
C49       28.0022   85.5506    0.0000    0.0000       0       0      83      40    0.0000    0.0239   1
C50       28.0022   85.5502    0.0000    0.0000       0       0      54      38    0.0000    0.0241   1
C51       28.0022   85.5498    0.0000    0.0000       0       0      18      21    0.0000    0.0216   1
C52       28.0014   85.5492    0.0000    0.0000       0       0      29      33    0.0000    0.0256   1
C53       28.0017   85.5487    0.0000    0.0000       0       0     111     106    0.0000    0.0235   1
C54       28.0017   85.5482    0.0000    0.0000       0       0      51      59    0.0000    0.0250   1
C55       28.0020   85.5476    0.0000    0.0000       0       0     186     230    0.0000    0.0206   1
C56       28.0023   85.5472    0.0000    0.0000       0       0     139     192    0.0000    0.0215   1
C57       28.0027   85.5467    0.0000    0.0000       0       0     169     214    0.0000    0.0221   1
C58       28.0025   85.5461    0.0000    0.0000       0       0     189     197    0.0000    0.0202   1
C59       28.0023   85.5457    0.0000    0.0000       0       0      49      38    0.0000    0.0219   1
C60       28.0022   85.5452    0.0000    0.0000       0       0       1      10    0.0000    0.0331   1
C61       28.0022   85.5448    0.0000    0.0000       0       0       2       3    0.0000    0.0217   1
C62       28.0020   85.5442    0.0000    0.0000       0       0       8       5    0.0000    0.0254   1
C63       28.0026   85.5436    0.0000    0.0000       0       0     159     166    0.0000    0.0205   1
C64       28.0030   85.5428    0.0000    0.0000       0       0      55      63    0.0000    0.0201   1
C65       28.0016   85.5427    0.0000    0.0000       0       0      40      70    0.0000    0.0264   1
C67       28.0007   85.5421    0.0000    0.0000       0       0      42      64    0.0000    0.0216   1
C68       28.0015   85.5420    0.0000    0.0000       0       0     142     150    0.0000    0.0222   1
C69       28.0021   85.5417    0.0000    0.0000       0       0      64      64    0.0000    0.0207   1
C70       28.0028   85.5415    0.0000    0.0000       0       0      22      25    0.0000    0.0208   1
C71       28.0033   85.5402    0.0000    0.0000       0       0     219     224    0.0000    0.0203   1
C72       28.0045   85.5392    0.0000    0.0000       0       0      16      19    0.0000    0.0218   1
C73       28.0052   85.5387    0.0000    0.0000       0       0      96     106    0.0000    0.0208   1
C74       28.0059   85.5386    0.0000    0.0000       0       0      37      24    0.0000    0.0206   1
C75       28.0065   85.5383    0.0000    0.0000       0       0      32      10    0.0000    0.0170   1
C76       28.0071   85.5384    0.0000    0.0000       0       0      58      36    0.0000    0.0204   1
C77       28.0082   85.5373    0.0000    0.0000       0       0      13      15    0.0000    0.0187   1
C78       28.0083   85.5353    0.0000    0.0000       0       0       6       4    0.0000    0.0178   1
C79       28.0093   85.5345    0.0000    0.0000       0       0       7       5    0.0000    0.0217   1
C80       28.0096   85.5356    0.0000    0.0000       0       0      38      35    0.0000    0.0137   1
C81       28.0103   85.5359    0.0000    0.0000       0       0      13      17    0.0000    0.0199   1
C90       27.9973   85.5519    0.0000    0.0000       0       0       0       1    0.0000    0.0053   1
C99       27.9984   85.5660    0.0000    0.0000       0       0       2       4    0.0000    0.0145   1
